Component: ARM Compiler 5.06 update 3 (build 300) Tool: armlink [4d35c9]

==============================================================================

Section Cross References

    stm32l1xx_hal_rcc.o(i.HAL_RCC_ClockConfig) refers to stm32l1xx_hal.o(i.HAL_GetTick) for HAL_GetTick
    stm32l1xx_hal_rcc.o(i.HAL_RCC_ClockConfig) refers to stm32l1xx_hal_rcc.o(i.HAL_RCC_GetSysClockFreq) for HAL_RCC_GetSysClockFreq
    stm32l1xx_hal_rcc.o(i.HAL_RCC_ClockConfig) refers to stm32l1xx_hal.o(i.HAL_InitTick) for HAL_InitTick
    stm32l1xx_hal_rcc.o(i.HAL_RCC_ClockConfig) refers to system_stm32l1xx.o(.constdata) for AHBPrescTable
    stm32l1xx_hal_rcc.o(i.HAL_RCC_ClockConfig) refers to system_stm32l1xx.o(.data) for SystemCoreClock
    stm32l1xx_hal_rcc.o(i.HAL_RCC_DeInit) refers to system_stm32l1xx.o(.data) for SystemCoreClock
    stm32l1xx_hal_rcc.o(i.HAL_RCC_GetHCLKFreq) refers to system_stm32l1xx.o(.data) for SystemCoreClock
    stm32l1xx_hal_rcc.o(i.HAL_RCC_GetPCLK1Freq) refers to system_stm32l1xx.o(.data) for SystemCoreClock
    stm32l1xx_hal_rcc.o(i.HAL_RCC_GetPCLK1Freq) refers to system_stm32l1xx.o(.constdata) for APBPrescTable
    stm32l1xx_hal_rcc.o(i.HAL_RCC_GetPCLK2Freq) refers to system_stm32l1xx.o(.data) for SystemCoreClock
    stm32l1xx_hal_rcc.o(i.HAL_RCC_GetPCLK2Freq) refers to system_stm32l1xx.o(.constdata) for APBPrescTable
    stm32l1xx_hal_rcc.o(i.HAL_RCC_GetSysClockFreq) refers to system_stm32l1xx.o(.constdata) for PLLMulTable
    stm32l1xx_hal_rcc.o(i.HAL_RCC_MCOConfig) refers to memseta.o(.text) for __aeabi_memclr4
    stm32l1xx_hal_rcc.o(i.HAL_RCC_MCOConfig) refers to stm32l1xx_hal_gpio.o(i.HAL_GPIO_Init) for HAL_GPIO_Init
    stm32l1xx_hal_rcc.o(i.HAL_RCC_NMI_IRQHandler) refers to stm32l1xx_hal_rcc.o(i.HAL_RCC_CSSCallback) for HAL_RCC_CSSCallback
    stm32l1xx_hal_rcc.o(i.HAL_RCC_OscConfig) refers to stm32l1xx_hal.o(i.HAL_GetTick) for HAL_GetTick
    stm32l1xx_hal_rcc.o(i.HAL_RCC_OscConfig) refers to stm32l1xx_hal_rcc.o(i.RCC_SetFlashLatencyFromMSIRange) for RCC_SetFlashLatencyFromMSIRange
    stm32l1xx_hal_rcc.o(i.HAL_RCC_OscConfig) refers to stm32l1xx_hal.o(i.HAL_InitTick) for HAL_InitTick
    stm32l1xx_hal_rcc.o(i.HAL_RCC_OscConfig) refers to system_stm32l1xx.o(.constdata) for AHBPrescTable
    stm32l1xx_hal_rcc.o(i.HAL_RCC_OscConfig) refers to system_stm32l1xx.o(.data) for SystemCoreClock
    stm32l1xx_hal_rcc.o(i.RCC_SetFlashLatencyFromMSIRange) refers to stm32l1xx_hal_pwr_ex.o(i.HAL_PWREx_GetVoltageRange) for HAL_PWREx_GetVoltageRange
    stm32l1xx_hal_pwr.o(i.HAL_PWR_PVD_IRQHandler) refers to stm32l1xx_hal_pwr.o(i.HAL_PWR_PVDCallback) for HAL_PWR_PVDCallback
    stm32l1xx_hal_uart.o(i.HAL_HalfDuplex_Init) refers to stm32l1xx_hal_msp.o(i.HAL_UART_MspInit) for HAL_UART_MspInit
    stm32l1xx_hal_uart.o(i.HAL_HalfDuplex_Init) refers to stm32l1xx_hal_uart.o(i.UART_SetConfig) for UART_SetConfig
    stm32l1xx_hal_uart.o(i.HAL_LIN_Init) refers to stm32l1xx_hal_msp.o(i.HAL_UART_MspInit) for HAL_UART_MspInit
    stm32l1xx_hal_uart.o(i.HAL_LIN_Init) refers to stm32l1xx_hal_uart.o(i.UART_SetConfig) for UART_SetConfig
    stm32l1xx_hal_uart.o(i.HAL_MultiProcessor_Init) refers to stm32l1xx_hal_msp.o(i.HAL_UART_MspInit) for HAL_UART_MspInit
    stm32l1xx_hal_uart.o(i.HAL_MultiProcessor_Init) refers to stm32l1xx_hal_uart.o(i.UART_SetConfig) for UART_SetConfig
    stm32l1xx_hal_uart.o(i.HAL_UART_DMAStop) refers to stm32l1xx_hal_dma.o(i.HAL_DMA_Abort) for HAL_DMA_Abort
    stm32l1xx_hal_uart.o(i.HAL_UART_DeInit) refers to stm32l1xx_hal_msp.o(i.HAL_UART_MspDeInit) for HAL_UART_MspDeInit
    stm32l1xx_hal_uart.o(i.HAL_UART_IRQHandler) refers to stm32l1xx_hal_uart.o(i.UART_Receive_IT) for UART_Receive_IT
    stm32l1xx_hal_uart.o(i.HAL_UART_IRQHandler) refers to stm32l1xx_hal_uart.o(i.UART_Transmit_IT) for UART_Transmit_IT
    stm32l1xx_hal_uart.o(i.HAL_UART_IRQHandler) refers to stm32l1xx_hal_uart.o(i.HAL_UART_TxCpltCallback) for HAL_UART_TxCpltCallback
    stm32l1xx_hal_uart.o(i.HAL_UART_IRQHandler) refers to stm32l1xx_hal_uart.o(i.HAL_UART_ErrorCallback) for HAL_UART_ErrorCallback
    stm32l1xx_hal_uart.o(i.HAL_UART_Init) refers to stm32l1xx_hal_msp.o(i.HAL_UART_MspInit) for HAL_UART_MspInit
    stm32l1xx_hal_uart.o(i.HAL_UART_Init) refers to stm32l1xx_hal_uart.o(i.UART_SetConfig) for UART_SetConfig
    stm32l1xx_hal_uart.o(i.HAL_UART_Receive) refers to stm32l1xx_hal_uart.o(i.UART_WaitOnFlagUntilTimeout) for UART_WaitOnFlagUntilTimeout
    stm32l1xx_hal_uart.o(i.HAL_UART_Receive_DMA) refers to stm32l1xx_hal_dma.o(i.HAL_DMA_Start_IT) for HAL_DMA_Start_IT
    stm32l1xx_hal_uart.o(i.HAL_UART_Receive_DMA) refers to stm32l1xx_hal_uart.o(i.UART_DMAReceiveCplt) for UART_DMAReceiveCplt
    stm32l1xx_hal_uart.o(i.HAL_UART_Receive_DMA) refers to stm32l1xx_hal_uart.o(i.UART_DMARxHalfCplt) for UART_DMARxHalfCplt
    stm32l1xx_hal_uart.o(i.HAL_UART_Receive_DMA) refers to stm32l1xx_hal_uart.o(i.UART_DMAError) for UART_DMAError
[...]
    Removing stm32l1xx_hal_dma.o(.revsh_text), (4 bytes).
    Removing stm32l1xx_hal_dma.o(.rrx_text), (6 bytes).
    Removing stm32l1xx_hal_dma.o(i.DMA_SetConfig), (42 bytes).
    Removing stm32l1xx_hal_dma.o(i.HAL_DMA_Abort), (48 bytes).
    Removing stm32l1xx_hal_dma.o(i.HAL_DMA_Abort_IT), (74 bytes).
    Removing stm32l1xx_hal_dma.o(i.HAL_DMA_DeInit), (116 bytes).
    Removing stm32l1xx_hal_dma.o(i.HAL_DMA_GetError), (4 bytes).
    Removing stm32l1xx_hal_dma.o(i.HAL_DMA_GetState), (6 bytes).
    Removing stm32l1xx_hal_dma.o(i.HAL_DMA_IRQHandler), (168 bytes).
    Removing stm32l1xx_hal_dma.o(i.HAL_DMA_Init), (132 bytes).
    Removing stm32l1xx_hal_dma.o(i.HAL_DMA_PollForTransfer), (206 bytes).
    Removing stm32l1xx_hal_dma.o(i.HAL_DMA_RegisterCallback), (74 bytes).
    Removing stm32l1xx_hal_dma.o(i.HAL_DMA_Start), (80 bytes).
    Removing stm32l1xx_hal_dma.o(i.HAL_DMA_Start_IT), (112 bytes).
    Removing stm32l1xx_hal_dma.o(i.HAL_DMA_UnRegisterCallback), (82 bytes).
    Removing stm32l1xx_hal_flash.o(.rev16_text), (4 bytes).
    Removing stm32l1xx_hal_flash.o(.revsh_text), (4 bytes).
    Removing stm32l1xx_hal_flash.o(.rrx_text), (6 bytes).
    Removing stm32l1xx_hal_flash.o(i.HAL_FLASH_EndOfOperationCallback), (2 bytes).
    Removing stm32l1xx_hal_flash.o(i.HAL_FLASH_GetError), (12 bytes).
    Removing stm32l1xx_hal_flash.o(i.HAL_FLASH_IRQHandler), (212 bytes).
    Removing stm32l1xx_hal_flash.o(i.HAL_FLASH_OB_Launch), (24 bytes).
    Removing stm32l1xx_hal_flash.o(i.HAL_FLASH_OperationErrorCallback), (2 bytes).
    Removing stm32l1xx_hal_flash.o(i.HAL_FLASH_Program_IT), (60 bytes).
    Removing stm32l1xx_hal_flash_ex.o(.rev16_text), (4 bytes).
    Removing stm32l1xx_hal_flash_ex.o(.revsh_text), (4 bytes).
    Removing stm32l1xx_hal_flash_ex.o(.rrx_text), (6 bytes).
    Removing stm32l1xx_hal_flash_ex.o(i.FLASH_OB_WRPConfig), (248 bytes).
    Removing stm32l1xx_hal_flash_ex.o(i.HAL_FLASHEx_AdvOBGetConfig), (24 bytes).
    Removing stm32l1xx_hal_flash_ex.o(i.HAL_FLASHEx_AdvOBProgram), (72 bytes).
    Removing stm32l1xx_hal_flash_ex.o(i.HAL_FLASHEx_DATAEEPROM_DisableFixedTimeProgram), (16 bytes).
    Removing stm32l1xx_hal_flash_ex.o(i.HAL_FLASHEx_DATAEEPROM_EnableFixedTimeProgram), (16 bytes).
    Removing stm32l1xx_hal_flash_ex.o(i.HAL_FLASHEx_DATAEEPROM_Erase), (64 bytes).
    Removing stm32l1xx_hal_flash_ex.o(i.HAL_FLASHEx_DATAEEPROM_Lock), (20 bytes).
    Removing stm32l1xx_hal_flash_ex.o(i.HAL_FLASHEx_DATAEEPROM_Program), (212 bytes).
    Removing stm32l1xx_hal_flash_ex.o(i.HAL_FLASHEx_DATAEEPROM_Unlock), (40 bytes).
    Removing stm32l1xx_hal_flash_ex.o(i.HAL_FLASHEx_Erase_IT), (68 bytes).
    Removing stm32l1xx_hal_flash_ex.o(i.HAL_FLASHEx_OBProgram), (240 bytes).
    Removing main.o(.rev16_text), (4 bytes).
    Removing main.o(.revsh_text), (4 bytes).
    Removing main.o(.rrx_text), (6 bytes).
    Removing main.o(i.recievemessage), (56 bytes).
    Removing main.o(.bss), (100 bytes).
    Removing main.o(.data), (1 bytes).
    Removing main.o(.data), (69 bytes).
    Removing main.o(.data), (1 bytes).
    Removing main.o(.data), (4 bytes).
    Removing main.o(.data), (4 bytes).
    Removing main.o(.data), (4 bytes).
    Removing main.o(.data), (4 bytes).
    Removing main.o(.data), (4 bytes).
    Removing stm32l1xx_hal_msp.o(.rev16_text), (4 bytes).
    Removing stm32l1xx_hal_msp.o(.revsh_text), (4 bytes).
    Removing stm32l1xx_hal_msp.o(.rrx_text), (6 bytes).
    Removing stm32l1xx_hal_msp.o(i.HAL_UART_MspDeInit), (56 bytes).
    Removing stm32l1xx_it.o(.rev16_text), (4 bytes).
    Removing stm32l1xx_it.o(.revsh_text), (4 bytes).
    Removing stm32l1xx_it.o(.rrx_text), (6 bytes).
    Removing lr.o(asm_func), (8 bytes).
    Removing pc.o(asm_func), (8 bytes).
    Removing set_r0.o(asm_func), (6 bytes).
    Removing set_r1.o(asm_func), (6 bytes).
    Removing set_r2.o(asm_func), (6 bytes).
    Removing set_r3.o(asm_func), (6 bytes).
    Removing set_r4.o(asm_func), (6 bytes).
    Removing set_r5.o(asm_func), (6 bytes).
    Removing set_r6.o(asm_func), (6 bytes).
    Removing set_r7.o(asm_func), (6 bytes).
    Removing set_r8.o(asm_func), (6 bytes).
    Removing set_r9.o(asm_func), (6 bytes).
    Removing set_r10.o(asm_func), (6 bytes).
    Removing set_r11.o(asm_func), (6 bytes).
    Removing set_r12.o(asm_func), (6 bytes).
    Removing sp.o(asm_func), (8 bytes).
    Removing get_lr.o(asm_func), (4 bytes).
    Removing stm32l1xx_nucleo.o(.rev16_text), (4 bytes).
    Removing stm32l1xx_nucleo.o(.revsh_text), (4 bytes).
    Removing stm32l1xx_nucleo.o(.rrx_text), (6 bytes).
    Removing stm32l1xx_nucleo.o(i.BSP_GetVersion), (8 bytes).
    Removing stm32l1xx_nucleo.o(i.BSP_LED_DeInit), (48 bytes).
    Removing stm32l1xx_nucleo.o(i.BSP_PB_DeInit), (44 bytes).
    Removing stm32l1xx_nucleo.o(i.BSP_PB_GetState), (24 bytes).
    Removing stm32l1xx_nucleo.o(i.BSP_PB_Init), (120 bytes).
    Removing system_stm32l1xx.o(.rev16_text), (4 bytes).
    Removing system_stm32l1xx.o(.revsh_text), (4 bytes).
    Removing system_stm32l1xx.o(.rrx_text), (6 bytes).
    Removing system_stm32l1xx.o(i.SystemCoreClockUpdate), (144 bytes).

216 unused section(s) (total 8725 bytes) removed from the image.

==============================================================================

Image Symbol Table

    Local Symbols

    Symbol Name                              Value     Ov Type        Size  Object(Section)

    ../../../../../../Drivers/BSP/STM32L1xx_Nucleo/stm32l1xx_nucleo.c 0x00000000   Number         0  stm32l1xx_nucleo.o ABSOLUTE
    ../../../../../../Drivers/STM32L1xx_HAL_Driver/Src/stm32l1xx_hal.c 0x00000000   Number         0  stm32l1xx_hal.o ABSOLUTE
    ../../../../../../Drivers/STM32L1xx_HAL_Driver/Src/stm32l1xx_hal_cortex.c 0x00000000   Number         0  stm32l1xx_hal_cortex.o ABSOLUTE
    ../../../../../../Drivers/STM32L1xx_HAL_Driver/Src/stm32l1xx_hal_dma.c 0x00000000   Number         0  stm32l1xx_hal_dma.o ABSOLUTE
    ../../../../../../Drivers/STM32L1xx_HAL_Driver/Src/stm32l1xx_hal_gpio.c 0x00000000   Number         0  stm32l1xx_hal_gpio.o ABSOLUTE
    ../../../../../../Drivers/STM32L1xx_HAL_Driver/Src/stm32l1xx_hal_pwr.c 0x00000000   Number         0  stm32l1xx_hal_pwr.o ABSOLUTE
    ../../../../../../Drivers/STM32L1xx_HAL_Driver/Src/stm32l1xx_hal_pwr_ex.c 0x00000000   Number         0  stm32l1xx_hal_pwr_ex.o ABSOLUTE
    ../../../../../../Drivers/STM32L1xx_HAL_Driver/Src/stm32l1xx_hal_rcc.c 0x00000000   Number         0  stm32l1xx_hal_rcc.o ABSOLUTE
    ../../../../../../Drivers/STM32L1xx_HAL_Driver/Src/stm32l1xx_hal_rcc_ex.c 0x00000000   Number         0  stm32l1xx_hal_rcc_ex.o ABSOLUTE
    ../../../../../../Drivers/STM32L1xx_HAL_Driver/Src/stm32l1xx_hal_uart.c 0x00000000   Number         0  stm32l1xx_hal_uart.o ABSOLUTE
    ../Src/main.c                            0x00000000   Number         0  main.o ABSOLUTE
    ../Src/stm32l1xx_hal_msp.c               0x00000000   Number         0  stm32l1xx_hal_msp.o ABSOLUTE
    ../Src/stm32l1xx_it.c                    0x00000000   Number         0  stm32l1xx_it.o ABSOLUTE
    ../Src/system_stm32l1xx.c                0x00000000   Number         0  system_stm32l1xx.o ABSOLUTE
    ../clib/microlib/division.c              0x00000000   Number         0  uldiv.o ABSOLUTE
    ../clib/microlib/division.c              0x00000000   Number         0  uidiv.o ABSOLUTE
    ../clib/microlib/errno.c                 0x00000000   Number         0  errno.o ABSOLUTE
    ../clib/microlib/init/entry.s            0x00000000   Number         0  entry11b.o ABSOLUTE
    ../clib/microlib/init/entry.s            0x00000000   Number         0  entry11a.o ABSOLUTE
    ../clib/microlib/init/entry.s            0x00000000   Number         0  entry10b.o ABSOLUTE
    ../clib/microlib/init/entry.s            0x00000000   Number         0  entry10a.o ABSOLUTE
    ../clib/microlib/init/entry.s            0x00000000   Number         0  entry9b.o ABSOLUTE
    ../clib/microlib/init/entry.s            0x00000000   Number         0  entry8b.o ABSOLUTE
    ../clib/microlib/init/entry.s            0x00000000   Number         0  entry8a.o ABSOLUTE
    ../clib/microlib/init/entry.s            0x00000000   Number         0  entry7b.o ABSOLUTE
    ../clib/microlib/init/entry.s            0x00000000   Number         0  entry7a.o ABSOLUTE
    ../clib/microlib/init/entry.s            0x00000000   Number         0  entry5.o ABSOLUTE
    ../clib/microlib/init/entry.s            0x00000000   Number         0  entry2.o ABSOLUTE
    ../clib/microlib/init/entry.s            0x00000000   Number         0  entry9a.o ABSOLUTE
    ../clib/microlib/init/entry.s            0x00000000   Number         0  entry.o ABSOLUTE
    ../clib/microlib/longlong.c              0x00000000   Number         0  llsshr.o ABSOLUTE
    ../clib/microlib/longlong.c              0x00000000   Number         0  llshl.o ABSOLUTE
    ../clib/microlib/longlong.c              0x00000000   Number         0  llushr.o ABSOLUTE
    ../clib/microlib/malloc/malloc.c         0x00000000   Number         0  malloc.o ABSOLUTE
    ../clib/microlib/malloc/malloc.c         0x00000000   Number         0  mallocr.o ABSOLUTE
    ../clib/microlib/malloc/malloc.c         0x00000000   Number         0  malloca.o ABSOLUTE
    ../clib/microlib/malloc/malloc.c         0x00000000   Number         0  mallocra.o ABSOLUTE
    ../clib/microlib/malloc/mvars.c          0x00000000   Number         0  mvars.o ABSOLUTE
    ../clib/microlib/printf/printf.c         0x00000000   Number         0  printfb.o ABSOLUTE
    ../clib/microlib/printf/printf.c         0x00000000   Number         0  printfa.o ABSOLUTE
    ../clib/microlib/printf/printf.c         0x00000000   Number         0  printf8.o ABSOLUTE
    ../clib/microlib/printf/printf.c         0x00000000   Number         0  printf7.o ABSOLUTE
    ../clib/microlib/printf/printf.c         0x00000000   Number         0  printf6.o ABSOLUTE
    ../clib/microlib/printf/printf.c         0x00000000   Number         0  printf5.o ABSOLUTE
    ../clib/microlib/printf/printf.c         0x00000000   Number         0  printf4.o ABSOLUTE
    ../clib/microlib/printf/printf.c         0x00000000   Number         0  printf3.o ABSOLUTE
    ../clib/microlib/printf/printf.c         0x00000000   Number         0  printf2.o ABSOLUTE
    ../clib/microlib/printf/printf.c         0x00000000   Number         0  printf1.o ABSOLUTE
    ../clib/microlib/printf/printf.c         0x00000000   Number         0  printf0.o ABSOLUTE
    ../clib/microlib/printf/stubs.s          0x00000000   Number         0  stubs.o ABSOLUTE
    ../clib/microlib/stdio/fputc.c           0x00000000   Number         0  fputc.o ABSOLUTE
    ../clib/microlib/stdio/semi.s            0x00000000   Number         0  semi.o ABSOLUTE
    ../clib/microlib/stdio/streams.c         0x00000000   Number         0  stdout.o ABSOLUTE
    ../clib/microlib/string/memcpy.c         0x00000000   Number         0  memcpyb.o ABSOLUTE
    ../clib/microlib/string/memcpy.c         0x00000000   Number         0  memcpya.o ABSOLUTE
    ../clib/microlib/string/memset.c         0x00000000   Number         0  memseta.o ABSOLUTE
    ../clib/microlib/stubs.s                 0x00000000   Number         0  iusefp.o ABSOLUTE
    ../clib/microlib/stubs.s                 0x00000000   Number         0  iusesemip.o ABSOLUTE
    ../fplib/microlib/fpadd.c                0x00000000   Number         0  dadd.o ABSOLUTE
    ../fplib/microlib/fpdiv.c                0x00000000   Number         0  ddiv.o ABSOLUTE
    ../fplib/microlib/fpepilogue.c           0x00000000   Number         0  depilogue.o ABSOLUTE
    ../fplib/microlib/fpfix.c                0x00000000   Number         0  dfixi.o ABSOLUTE
    ../fplib/microlib/fpfix.c                0x00000000   Number         0  dfixul.o ABSOLUTE
    ../fplib/microlib/fpflt.c                0x00000000   Number         0  dflti.o ABSOLUTE
    ../fplib/microlib/fpflt.c                0x00000000   Number         0  dfltui.o ABSOLUTE
    ../fplib/microlib/fpmul.c                0x00000000   Number         0  dmul.o ABSOLUTE
    ../fplib/microlib/fpscalb.c              0x00000000   Number         0  dscalb.o ABSOLUTE
    ../fplib/microlib/fpsqrt.c               0x00000000   Number         0  dsqrt.o ABSOLUTE
    ../mathlib/ceil.c                        0x00000000   Number         0  ceil.o ABSOLUTE
    ../mathlib/cos_i.c                       0x00000000   Number         0  cos_i.o ABSOLUTE
    ../mathlib/dunder.c                      0x00000000   Number         0  dunder.o ABSOLUTE
    ../mathlib/fpclassify.c                  0x00000000   Number         0  fpclassify.o ABSOLUTE
    ../mathlib/log.c                         0x00000000   Number         0  log.o ABSOLUTE
    ../mathlib/log.c                         0x00000000   Number         0  log_x.o ABSOLUTE
    ../mathlib/poly.c                        0x00000000   Number         0  poly.o ABSOLUTE
    ../mathlib/pow.c                         0x00000000   Number         0  pow_x.o ABSOLUTE
    ../mathlib/pow.c                         0x00000000   Number         0  pow.o ABSOLUTE
    ../mathlib/qnan.c                        0x00000000   Number         0  qnan.o ABSOLUTE
    ../mathlib/rred.c                        0x00000000   Number         0  rred.o ABSOLUTE
    ../mathlib/sin.c                         0x00000000   Number         0  sin_x.o ABSOLUTE
    ../mathlib/sin.c                         0x00000000   Number         0  sin.o ABSOLUTE
    ../mathlib/sin_i.c                       0x00000000   Number         0  sin_i.o ABSOLUTE
    ../mathlib/sin_i.c                       0x00000000   Number         0  sin_i_x.o ABSOLUTE
    ../mathlib/sqrt.c                        0x00000000   Number         0  sqrt.o ABSOLUTE
    ../mathlib/sqrt.c                        0x00000000   Number         0  sqrt_x.o ABSOLUTE
    ..\..\..\..\..\..\Drivers\BSP\STM32L1xx_Nucleo\stm32l1xx_nucleo.c 0x00000000   Number         0  stm32l1xx_nucleo.o ABSOLUTE
    ..\..\..\..\..\..\Drivers\STM32L1xx_HAL_Driver\Src\stm32l1xx_hal.c 0x00000000   Number         0  stm32l1xx_hal.o ABSOLUTE
    ..\..\..\..\..\..\Drivers\STM32L1xx_HAL_Driver\Src\stm32l1xx_hal_cortex.c 0x00000000   Number         0  stm32l1xx_hal_cortex.o ABSOLUTE
    ..\..\..\..\..\..\Drivers\STM32L1xx_HAL_Driver\Src\stm32l1xx_hal_dma.c 0x00000000   Number         0  stm32l1xx_hal_dma.o ABSOLUTE
    ..\..\..\..\..\..\Drivers\STM32L1xx_HAL_Driver\Src\stm32l1xx_hal_flash.c 0x00000000   Number         0  stm32l1xx_hal_flash.o ABSOLUTE
    ..\..\..\..\..\..\Drivers\STM32L1xx_HAL_Driver\Src\stm32l1xx_hal_flash_ex.c 0x00000000   Number         0  stm32l1xx_hal_flash_ex.o ABSOLUTE
    ..\..\..\..\..\..\Drivers\STM32L1xx_HAL_Driver\Src\stm32l1xx_hal_gpio.c 0x00000000   Number         0  stm32l1xx_hal_gpio.o ABSOLUTE
    ..\..\..\..\..\..\Drivers\STM32L1xx_HAL_Driver\Src\stm32l1xx_hal_pwr.c 0x00000000   Number         0  stm32l1xx_hal_pwr.o ABSOLUTE
    ..\..\..\..\..\..\Drivers\STM32L1xx_HAL_Driver\Src\stm32l1xx_hal_pwr_ex.c 0x00000000   Number         0  stm32l1xx_hal_pwr_ex.o ABSOLUTE
    ..\..\..\..\..\..\Drivers\STM32L1xx_HAL_Driver\Src\stm32l1xx_hal_rcc.c 0x00000000   Number         0  stm32l1xx_hal_rcc.o ABSOLUTE
    ..\..\..\..\..\..\Drivers\STM32L1xx_HAL_Driver\Src\stm32l1xx_hal_rcc_ex.c 0x00000000   Number         0  stm32l1xx_hal_rcc_ex.o ABSOLUTE
    ..\..\..\..\..\..\Drivers\STM32L1xx_HAL_Driver\Src\stm32l1xx_hal_uart.c 0x00000000   Number         0  stm32l1xx_hal_uart.o ABSOLUTE
    ..\Src\main.c                            0x00000000   Number         0  main.o ABSOLUTE
    ..\Src\stm32l1xx_hal_msp.c               0x00000000   Number         0  stm32l1xx_hal_msp.o ABSOLUTE
    ..\Src\stm32l1xx_it.c                    0x00000000   Number         0  stm32l1xx_it.o ABSOLUTE
    ..\Src\system_stm32l1xx.c                0x00000000   Number         0  system_stm32l1xx.o ABSOLUTE
    ..\\..\\..\\..\\..\\..\\Drivers\\STM32L1xx_HAL_Driver\\Src\\stm32l1xx_hal_flash.c 0x00000000   Number         0  stm32l1xx_hal_flash.o ABSOLUTE
    ..\\..\\..\\..\\..\\..\\Drivers\\STM32L1xx_HAL_Driver\\Src\\stm32l1xx_hal_flash_ex.c 0x00000000   Number         0  stm32l1xx_hal_flash_ex.o ABSOLUTE
    cdcmple.s                                0x00000000   Number         0  cdcmple.o ABSOLUTE
    cdrcmple.s                               0x00000000   Number         0  cdrcmple.o ABSOLUTE
    dc.s                                     0x00000000   Number         0  dc.o ABSOLUTE
    get_LR.s                                 0x00000000   Number         0  get_lr.o ABSOLUTE
    handlers.s                               0x00000000   Number         0  handlers.o ABSOLUTE
    init.s                                   0x00000000   Number         0  init.o ABSOLUTE
    loadfromflash.s                          0x00000000   Number         0  loadfromflash.o ABSOLUTE
    lr.s                                     0x00000000   Number         0  lr.o ABSOLUTE
    pc.s                                     0x00000000   Number         0  pc.o ABSOLUTE
    r0.s                                     0x00000000   Number         0  r0.o ABSOLUTE
    r0_r12.s                                 0x00000000   Number         0  r0_r12.o ABSOLUTE
    r1.s                                     0x00000000   Number         0  r1.o ABSOLUTE
    r10.s                                    0x00000000   Number         0  r10.o ABSOLUTE
    r11.s                                    0x00000000   Number         0  r11.o ABSOLUTE
    r12.s                                    0x00000000   Number         0  r12.o ABSOLUTE
    r2.s                                     0x00000000   Number         0  r2.o ABSOLUTE
    r3.s                                     0x00000000   Number         0  r3.o ABSOLUTE
    r4.s                                     0x00000000   Number         0  r4.o ABSOLUTE
    r5.s                                     0x00000000   Number         0  r5.o ABSOLUTE
    r6.s                                     0x00000000   Number         0  r6.o ABSOLUTE
    r7.s                                     0x00000000   Number         0  r7.o ABSOLUTE
    r8.s                                     0x00000000   Number         0  r8.o ABSOLUTE
    r9.s                                     0x00000000   Number         0  r9.o ABSOLUTE
    set_R0.s                                 0x00000000   Number         0  set_r0.o ABSOLUTE
    set_R1.s                                 0x00000000   Number         0  set_r1.o ABSOLUTE
    set_R10.s                                0x00000000   Number         0  set_r10.o ABSOLUTE
    set_R11.s                                0x00000000   Number         0  set_r11.o ABSOLUTE
    set_R12.s                                0x00000000   Number         0  set_r12.o ABSOLUTE
    set_R2.s                                 0x00000000   Number         0  set_r2.o ABSOLUTE
    set_R3.s                                 0x00000000   Number         0  set_r3.o ABSOLUTE
    set_R4.s                                 0x00000000   Number         0  set_r4.o ABSOLUTE
    set_R5.s                                 0x00000000   Number         0  set_r5.o ABSOLUTE
    set_R6.s                                 0x00000000   Number         0  set_r6.o ABSOLUTE
    set_R7.s                                 0x00000000   Number         0  set_r7.o ABSOLUTE
    set_R8.s                                 0x00000000   Number         0  set_r8.o ABSOLUTE
    set_R9.s                                 0x00000000   Number         0  set_r9.o ABSOLUTE
    sp.s                                     0x00000000   Number         0  sp.o ABSOLUTE
    startup_stm32l152xe.s                    0x00000000   Number         0  startup_stm32l152xe.o ABSOLUTE
    RESET                                    0x08000000   Section      292  startup_stm32l152xe.o(RESET)
    .ARM.Collect$$$$00000000                 0x08000124   Section        0  entry.o(.ARM.Collect$$$$00000000)
    .ARM.Collect$$$$00000001                 0x08000124   Section        4  entry2.o(.ARM.Collect$$$$00000001)
    .ARM.Collect$$$$00000004                 0x08000128   Section        4  entry5.o(.ARM.Collect$$$$00000004)
    .ARM.Collect$$$$00000008                 0x0800012c   Section        0  entry7b.o(.ARM.Collect$$$$00000008)
    .ARM.Collect$$$$0000000A                 0x0800012c   Section        0  entry8b.o(.ARM.Collect$$$$0000000A)
    .ARM.Collect$$$$0000000B                 0x0800012c   Section        8  entry9a.o(.ARM.Collect$$$$0000000B)
    .ARM.Collect$$$$0000000D                 0x08000134   Section        0  entry10a.o(.ARM.Collect$$$$0000000D)
    .ARM.Collect$$$$0000000F                 0x08000134   Section        0  entry11a.o(.ARM.Collect$$$$0000000F)
    .ARM.Collect$$$$00002712                 0x08000134   Section        4  entry2.o(.ARM.Collect$$$$00002712)
    __lit__00000000                          0x08000134   Data           4  entry2.o(.ARM.Collect$$$$00002712)
    .text                                    0x08000138   Section       36  startup_stm32l152xe.o(.text)
    .text                                    0x0800015c   Section        0  memseta.o(.text)
    .text                                    0x08000180   Section        0  dadd.o(.text)
    .text                                    0x080002ce   Section        0  dmul.o(.text)
    .text                                    0x080003b2   Section        0  ddiv.o(.text)
    .text                                    0x08000490   Section        0  dscalb.o(.text)
    .text                                    0x080004be   Section        0  dflti.o(.text)
    .text                                    0x080004e0   Section        0  dfixi.o(.text)
    .text                                    0x0800051e   Section        0  uidiv.o(.text)
    .text                                    0x0800054a   Section        0  uldiv.o(.text)
    .text                                    0x080005ac   Section        0  llshl.o(.text)
    .text                                    0x080005ca   Section        0  llushr.o(.text)
    .text                                    0x080005ea   Section        0  llsshr.o(.text)
    .text                                    0x0800060e   Section        0  depilogue.o(.text)
    .text                                    0x0800060e   Section        0  iusefp.o(.text)
    .text                                    0x080006c8   Section        0  dfixul.o(.text)
    .text                                    0x080006f8   Section       48  cdcmple.o(.text)
    .text                                    0x08000728   Section       48  cdrcmple.o(.text)
    .text                                    0x08000758   Section       36  init.o(.text)
    .text                                    0x0800077c   Section        0  dsqrt.o(.text)
    .text                                    0x0800081e   Section        0  dfltui.o(.text)
    asm_func                                 0x08000838   Section        6  r0.o(asm_func)
    asm_func                                 0x08000840   Section        4  r3.o(asm_func)
    asm_func                                 0x08000844   Section        4  r4.o(asm_func)
    asm_func                                 0x08000848   Section        4  r5.o(asm_func)
    asm_func                                 0x0800084c   Section        4  r6.o(asm_func)
    asm_func                                 0x08000850   Section        4  r8.o(asm_func)
    asm_func                                 0x08000854   Section        4  r9.o(asm_func)
    asm_func                                 0x08000858   Section        4  r10.o(asm_func)
    asm_func                                 0x0800085c   Section        4  r11.o(asm_func)
    asm_func                                 0x08000860   Section        4  r12.o(asm_func)
    asm_func                                 0x08000864   Section        4  r7.o(asm_func)
    asm_func                                 0x08000868   Section        4  r1.o(asm_func)
    asm_func                                 0x0800086c   Section        4  r2.o(asm_func)
    asm_func                                 0x08000870   Section      116  r0_r12.o(asm_func)
    asm_func                                 0x080008e4   Section       40  loadfromflash.o(asm_func)
    i.BSP_LED_Init                           0x0800090c   Section        0  stm32l1xx_nucleo.o(i.BSP_LED_Init)
    i.BSP_LED_Off                            0x08000964   Section        0  stm32l1xx_nucleo.o(i.BSP_LED_Off)
    i.BSP_LED_On                             0x08000980   Section        0  stm32l1xx_nucleo.o(i.BSP_LED_On)
    i.BSP_LED_Toggle                         0x0800099c   Section        0  stm32l1xx_nucleo.o(i.BSP_LED_Toggle)
    i.BusFault_Handler                       0x080009b4   Section        0  stm32l1xx_it.o(i.BusFault_Handler)
    i.DebugMon_Handler                       0x080009b6   Section        0  stm32l1xx_it.o(i.DebugMon_Handler)
    i.Error_Handler                          0x080009b8   Section        0  main.o(i.Error_Handler)
    Error_Handler                            0x080009b9   Thumb Code     8  main.o(i.Error_Handler)
    i.FFT                                    0x080009c0   Section        0  main.o(i.FFT)
    i.FLASH_PageErase                        0x08000dac   Section        0  stm32l1xx_hal_flash_ex.o(i.FLASH_PageErase)
    i.FLASH_SetErrorCode                     0x08000dd4   Section        0  stm32l1xx_hal_flash.o(i.FLASH_SetErrorCode)
    FLASH_SetErrorCode                       0x08000dd5   Thumb Code    80  stm32l1xx_hal_flash.o(i.FLASH_SetErrorCode)
    i.FLASH_WaitForLastOperation             0x08000e2c   Section        0  stm32l1xx_hal_flash.o(i.FLASH_WaitForLastOperation)
    i.HAL_Delay                              0x08000e88   Section        0  stm32l1xx_hal.o(i.HAL_Delay)
    i.HAL_FLASHEx_Erase                      0x08000ea0   Section        0  stm32l1xx_hal_flash_ex.o(i.HAL_FLASHEx_Erase)
    i.HAL_FLASHEx_OBGetConfig                0x08000f20   Section        0  stm32l1xx_hal_flash_ex.o(i.HAL_FLASHEx_OBGetConfig)
    i.HAL_FLASH_Lock                         0x08000f64   Section        0  stm32l1xx_hal_flash.o(i.HAL_FLASH_Lock)
    i.HAL_FLASH_OB_Lock                      0x08000f78   Section        0  stm32l1xx_hal_flash.o(i.HAL_FLASH_OB_Lock)
    i.HAL_FLASH_OB_Unlock                    0x08000f8c   Section        0  stm32l1xx_hal_flash.o(i.HAL_FLASH_OB_Unlock)
    i.HAL_FLASH_Program                      0x08000fd0   Section        0  stm32l1xx_hal_flash.o(i.HAL_FLASH_Program)
    i.HAL_FLASH_Unlock                       0x0800100c   Section        0  stm32l1xx_hal_flash.o(i.HAL_FLASH_Unlock)
    i.HAL_GPIO_Init                          0x08001050   Section        0  stm32l1xx_hal_gpio.o(i.HAL_GPIO_Init)
    i.HAL_GPIO_TogglePin                     0x08001200   Section        0  stm32l1xx_hal_gpio.o(i.HAL_GPIO_TogglePin)
    i.HAL_GPIO_WritePin                      0x08001208   Section        0  stm32l1xx_hal_gpio.o(i.HAL_GPIO_WritePin)
    i.HAL_GetTick                            0x08001214   Section        0  stm32l1xx_hal.o(i.HAL_GetTick)
    i.HAL_IncTick                            0x08001220   Section        0  stm32l1xx_hal.o(i.HAL_IncTick)
    i.HAL_Init                               0x08001230   Section        0  stm32l1xx_hal.o(i.HAL_Init)
    i.HAL_InitTick                           0x0800125c   Section        0  stm32l1xx_hal.o(i.HAL_InitTick)
    i.HAL_MspInit                            0x08001284   Section        0  stm32l1xx_hal.o(i.HAL_MspInit)
    i.HAL_NVIC_EnableIRQ                     0x08001286   Section        0  stm32l1xx_hal_cortex.o(i.HAL_NVIC_EnableIRQ)
    i.HAL_NVIC_SetPriority                   0x080012a0   Section        0  stm32l1xx_hal_cortex.o(i.HAL_NVIC_SetPriority)
    i.HAL_NVIC_SetPriorityGrouping           0x080012e0   Section        0  stm32l1xx_hal_cortex.o(i.HAL_NVIC_SetPriorityGrouping)
    i.HAL_PWREx_GetVoltageRange              0x08001304   Section        0  stm32l1xx_hal_pwr_ex.o(i.HAL_PWREx_GetVoltageRange)
    i.HAL_RCC_ClockConfig                    0x08001314   Section        0  stm32l1xx_hal_rcc.o(i.HAL_RCC_ClockConfig)
    i.HAL_RCC_GetPCLK1Freq                   0x080014e8   Section        0  stm32l1xx_hal_rcc.o(i.HAL_RCC_GetPCLK1Freq)
    i.HAL_RCC_GetPCLK2Freq                   0x08001518   Section        0  stm32l1xx_hal_rcc.o(i.HAL_RCC_GetPCLK2Freq)
    i.HAL_RCC_GetSysClockFreq                0x08001548   Section        0  stm32l1xx_hal_rcc.o(i.HAL_RCC_GetSysClockFreq)
    i.HAL_RCC_OscConfig                      0x080015d4   Section        0  stm32l1xx_hal_rcc.o(i.HAL_RCC_OscConfig)
    i.HAL_SYSTICK_Config                     0x08001d24   Section        0  stm32l1xx_hal_cortex.o(i.HAL_SYSTICK_Config)
    i.HAL_UART_Init                          0x08001d4c   Section        0  stm32l1xx_hal_uart.o(i.HAL_UART_Init)
    i.HAL_UART_MspInit                       0x08001dac   Section        0  stm32l1xx_hal_msp.o(i.HAL_UART_MspInit)
    i.HAL_UART_Transmit                      0x08001e30   Section        0  stm32l1xx_hal_uart.o(i.HAL_UART_Transmit)
    i.HardFault_Handler                      0x08001efc   Section        0  stm32l1xx_it.o(i.HardFault_Handler)
    i.Magic_No                               0x08001f00   Section        0  main.o(i.Magic_No)
    i.MemManage_Handler                      0x08001f60   Section        0  stm32l1xx_it.o(i.MemManage_Handler)
    i.NMI_Handler                            0x08001f62   Section        0  stm32l1xx_it.o(i.NMI_Handler)
    i.NVIC_SetPriority                       0x08001f64   Section        0  stm32l1xx_hal_cortex.o(i.NVIC_SetPriority)
    NVIC_SetPriority                         0x08001f65   Thumb Code    32  stm32l1xx_hal_cortex.o(i.NVIC_SetPriority)
    i.PendSV_Handler                         0x08001f84   Section        0  stm32l1xx_it.o(i.PendSV_Handler)
    i.RCC_SetFlashLatencyFromMSIRange        0x08001f88   Section        0  stm32l1xx_hal_rcc.o(i.RCC_SetFlashLatencyFromMSIRange)
    RCC_SetFlashLatencyFromMSIRange          0x08001f89   Thumb Code   112  stm32l1xx_hal_rcc.o(i.RCC_SetFlashLatencyFromMSIRange)
    i.SVC_Handler                            0x08002000   Section        0  stm32l1xx_it.o(i.SVC_Handler)
    i.SysTick_Handler                        0x08002002   Section        0  stm32l1xx_it.o(i.SysTick_Handler)
    i.SystemClock_Config                     0x08002008   Section        0  main.o(i.SystemClock_Config)
    SystemClock_Config                       0x08002009   Thumb Code   128  main.o(i.SystemClock_Config)
    i.SystemInit                             0x08002090   Section        0  system_stm32l1xx.o(i.SystemInit)
    i.UART_CharReception_Callback            0x080020e0   Section        0  main.o(i.UART_CharReception_Callback)
    i.UART_CharTransmitComplete_Callback     0x08002114   Section        0  main.o(i.UART_CharTransmitComplete_Callback)
    i.UART_Error_Callback                    0x08002138   Section        0  main.o(i.UART_Error_Callback)
    i.UART_SetConfig                         0x0800215c   Section        0  stm32l1xx_hal_uart.o(i.UART_SetConfig)
    UART_SetConfig                           0x0800215d   Thumb Code   666  stm32l1xx_hal_uart.o(i.UART_SetConfig)
    i.UART_TXEmpty_Callback                  0x080023fc   Section        0  main.o(i.UART_TXEmpty_Callback)
    i.UART_WaitOnFlagUntilTimeout            0x08002438   Section        0  stm32l1xx_hal_uart.o(i.UART_WaitOnFlagUntilTimeout)
    UART_WaitOnFlagUntilTimeout              0x08002439   Thumb Code   146  stm32l1xx_hal_uart.o(i.UART_WaitOnFlagUntilTimeout)
    i.USART2_IRQHandler                      0x080024cc   Section        0  stm32l1xx_it.o(i.USART2_IRQHandler)
    i.UsageFault_Handler                     0x08002534   Section        0  stm32l1xx_it.o(i.UsageFault_Handler)
    i.__0sprintf                             0x08002538   Section        0  printfa.o(i.__0sprintf)
    i.__ARM_fpclassify                       0x08002560   Section        0  fpclassify.o(i.__ARM_fpclassify)
    i.__ieee754_rem_pio2                     0x08002588   Section        0  rred.o(i.__ieee754_rem_pio2)
    i.__kernel_cos                           0x08002910   Section        0  cos_i.o(i.__kernel_cos)
    i.__kernel_poly                          0x08002a0c   Section        0  poly.o(i.__kernel_poly)
    i.__kernel_sin                           0x08002ab8   Section        0  sin_i.o(i.__kernel_sin)
    i.__mathlib_dbl_divzero                  0x08002ba4   Section        0  dunder.o(i.__mathlib_dbl_divzero)
    i.__mathlib_dbl_infnan                   0x08002bb4   Section        0  dunder.o(i.__mathlib_dbl_infnan)
    i.__mathlib_dbl_infnan2                  0x08002bba   Section        0  dunder.o(i.__mathlib_dbl_infnan2)
    i.__mathlib_dbl_invalid                  0x08002bbe   Section        0  dunder.o(i.__mathlib_dbl_invalid)
    i.__mathlib_dbl_overflow                 0x08002bca   Section        0  dunder.o(i.__mathlib_dbl_overflow)
    i.__mathlib_dbl_underflow                0x08002bd8   Section        0  dunder.o(i.__mathlib_dbl_underflow)
    i.__scatterload_copy                     0x08002be8   Section       14  handlers.o(i.__scatterload_copy)
    i.__scatterload_null                     0x08002bf6   Section        2  handlers.o(i.__scatterload_null)
    i.__scatterload_zeroinit                 0x08002bf8   Section       14  handlers.o(i.__scatterload_zeroinit)
    i.__set_errno                            0x08002c08   Section        0  errno.o(i.__set_errno)
    i._fp_digits                             0x08002c14   Section        0  printfa.o(i._fp_digits)
    _fp_digits                               0x08002c15   Thumb Code   366  printfa.o(i._fp_digits)
    i._printf_core                           0x08002d98   Section        0  printfa.o(i._printf_core)
    _printf_core                             0x08002d99   Thumb Code  1744  printfa.o(i._printf_core)
    i._printf_post_padding                   0x08003474   Section        0  printfa.o(i._printf_post_padding)
    _printf_post_padding                     0x08003475   Thumb Code    36  printfa.o(i._printf_post_padding)
    i._printf_pre_padding                    0x08003498   Section        0  printfa.o(i._printf_pre_padding)
    _printf_pre_padding                      0x08003499   Thumb Code    46  printfa.o(i._printf_pre_padding)
    i._sputc                                 0x080034c6   Section        0  printfa.o(i._sputc)
    _sputc                                   0x080034c7   Thumb Code    10  printfa.o(i._sputc)
    i.ceil                                   0x080034d0   Section        0  ceil.o(i.ceil)
    i.erase_pages                            0x080035ac   Section        0  main.o(i.erase_pages)
    i.four1                                  0x080035f0   Section        0  main.o(i.four1)
    i.log                                    0x0800385c   Section        0  log.o(i.log)
    i.main                                   0x08003bb8   Section        0  main.o(i.main)
    i.malloc                                 0x08003cb4   Section        0  malloc.o(i.malloc)
    i.mem_map                                0x08003d20   Section        0  main.o(i.mem_map)
    i.mem_mapd                               0x08003d64   Section        0  main.o(i.mem_mapd)
    i.pow                                    0x08003da8   Section        0  pow.o(i.pow)
    i.print                                  0x08004780   Section        0  main.o(i.print)
    i.revive                                 0x080047c8   Section        0  main.o(i.revive)
    i.setReg                                 0x08004828   Section        0  main.o(i.setReg)
    i.sin                                    0x08004868   Section        0  sin.o(i.sin)
    i.sqrt                                   0x08004908   Section        0  sqrt.o(i.sqrt)
    i.uart_initialize                        0x08004954   Section        0  main.o(i.uart_initialize)
    i.writeinflash                           0x080049ac   Section        0  main.o(i.writeinflash)
    .constdata                               0x08004ba0   Section        6  stm32l1xx_nucleo.o(.constdata)
    .constdata                               0x08004ba6   Section       25  system_stm32l1xx.o(.constdata)
    .constdata                               0x08004bbf   Section        8  system_stm32l1xx.o(.constdata)
    .constdata                               0x08004bc8   Section       56  log.o(.constdata)
    Lg2                                      0x08004bc8   Data          24  log.o(.constdata)
    Lg                                       0x08004be0   Data          32  log.o(.constdata)
    .constdata                               0x08004c00   Section      136  pow.o(.constdata)
    bp                                       0x08004c00   Data          16  pow.o(.constdata)
    dp_h                                     0x08004c10   Data          16  pow.o(.constdata)
    dp_l                                     0x08004c20   Data          16  pow.o(.constdata)
    L                                        0x08004c30   Data          48  pow.o(.constdata)
    P                                        0x08004c60   Data          40  pow.o(.constdata)
    .constdata                               0x08004c88   Section       48  cos_i.o(.constdata)
    C                                        0x08004c88   Data          48  cos_i.o(.constdata)
    .constdata                               0x08004cb8   Section        8  qnan.o(.constdata)
    .constdata                               0x08004cc0   Section      200  rred.o(.constdata)
    pio2s                                    0x08004cc0   Data          48  rred.o(.constdata)
    twooverpi                                0x08004cf0   Data         152  rred.o(.constdata)
    .constdata                               0x08004d88   Section       40  sin_i.o(.constdata)
    S                                        0x08004d88   Data          40  sin_i.o(.constdata)
    .data                                    0x20000000   Section        4  stm32l1xx_hal.o(.data)
    .data                                    0x20000004   Section       90  main.o(.data)
    .data                                    0x20000060   Section        8  stm32l1xx_nucleo.o(.data)
    .data                                    0x20000068   Section        4  system_stm32l1xx.o(.data)
    .data                                    0x2000006c   Section        4  mvars.o(.data)
    .data                                    0x20000070   Section        4  mvars.o(.data)
    .data                                    0x20000074   Section        4  errno.o(.data)
    _errno                                   0x20000074   Data           4  errno.o(.data)
    .bss                                     0x20000078   Section       24  stm32l1xx_hal_flash.o(.bss)
    .bss                                     0x20000090   Section    10512  main.o(.bss)
    EraseInitStruct                          0x200000f8   Data          12  main.o(.bss)
    OptionsBytesStruct                       0x20000104   Data          28  main.o(.bss)
    HEAP                                     0x200029a0   Section      512  startup_stm32l152xe.o(HEAP)
    STACK                                    0x20002ba0   Section     1024  startup_stm32l152xe.o(STACK)

    Global Symbols

    Symbol Name                              Value     Ov Type        Size  Object(Section)

    BuildAttributes$$THM_ISAv4$P$D$K$B$S$PE$A:L22UL41UL21$X:L11$S22US41US21$IEEE1$IW$USESV6$~STKCKD$USESV7$~SHL$OTIME$ROPI$IEEEX$EBA8$MICROLIB$REQ8$EABIv2 0x00000000   Number         0  anon$$obj.o ABSOLUTE
    __ARM_use_no_argv                        0x00000000   Number         0  main.o ABSOLUTE
    _printf_a                                0x00000000   Number         0  stubs.o ABSOLUTE
    _printf_c                                0x00000000   Number         0  stubs.o ABSOLUTE
    _printf_charcount                        0x00000000   Number         0  stubs.o ABSOLUTE
    _printf_d                                0x00000000   Number         0  stubs.o ABSOLUTE
    _printf_e                                0x00000000   Number         0  stubs.o ABSOLUTE
    _printf_f                                0x00000000   Number         0  stubs.o ABSOLUTE
    _printf_flags                            0x00000000   Number         0  stubs.o ABSOLUTE
    _printf_fp_dec                           0x00000000   Number         0  stubs.o ABSOLUTE
    _printf_fp_hex                           0x00000000   Number         0  stubs.o ABSOLUTE
    _printf_g                                0x00000000   Number         0  stubs.o ABSOLUTE
    _printf_i                                0x00000000   Number         0  stubs.o ABSOLUTE
    _printf_int_dec                          0x00000000   Number         0  stubs.o ABSOLUTE
    _printf_l                                0x00000000   Number         0  stubs.o ABSOLUTE
    _printf_lc                               0x00000000   Number         0  stubs.o ABSOLUTE
    _printf_ll                               0x00000000   Number         0  stubs.o ABSOLUTE
    _printf_lld                              0x00000000   Number         0  stubs.o ABSOLUTE
    _printf_lli                              0x00000000   Number         0  stubs.o ABSOLUTE
    _printf_llo                              0x00000000   Number         0  stubs.o ABSOLUTE
    _printf_llu                              0x00000000   Number         0  stubs.o ABSOLUTE
    _printf_llx                              0x00000000   Number         0  stubs.o ABSOLUTE
    _printf_longlong_dec                     0x00000000   Number         0  stubs.o ABSOLUTE
    _printf_longlong_hex                     0x00000000   Number         0  stubs.o ABSOLUTE
    _printf_longlong_oct                     0x00000000   Number         0  stubs.o ABSOLUTE
    _printf_ls                               0x00000000   Number         0  stubs.o ABSOLUTE
    _printf_mbtowc                           0x00000000   Number         0  stubs.o ABSOLUTE
    _printf_n                                0x00000000   Number         0  stubs.o ABSOLUTE
    _printf_o                                0x00000000   Number         0  stubs.o ABSOLUTE
    _printf_p                                0x00000000   Number         0  stubs.o ABSOLUTE
    _printf_percent                          0x00000000   Number         0  stubs.o ABSOLUTE
    _printf_pre_padding                      0x00000000   Number         0  stubs.o ABSOLUTE
    _printf_return_value                     0x00000000   Number         0  stubs.o ABSOLUTE
    _printf_s                                0x00000000   Number         0  stubs.o ABSOLUTE
    _printf_sizespec                         0x00000000   Number         0  stubs.o ABSOLUTE
    _printf_str                              0x00000000   Number         0  stubs.o ABSOLUTE
    _printf_truncate_signed                  0x00000000   Number         0  stubs.o ABSOLUTE
    _printf_truncate_unsigned                0x00000000   Number         0  stubs.o ABSOLUTE
    _printf_u                                0x00000000   Number         0  stubs.o ABSOLUTE
    _printf_wc                               0x00000000   Number         0  stubs.o ABSOLUTE
    _printf_wctomb                           0x00000000   Number         0  stubs.o ABSOLUTE
    _printf_widthprec                        0x00000000   Number         0  stubs.o ABSOLUTE
    _printf_x                                0x00000000   Number         0  stubs.o ABSOLUTE
    __cpp_initialize__aeabi_                  - Undefined Weak Reference
    __cxa_finalize                            - Undefined Weak Reference
    __decompress                              - Undefined Weak Reference
    _clock_init                               - Undefined Weak Reference
    _microlib_exit                            - Undefined Weak Reference
    __Vectors_Size                           0x00000124   Number         0  startup_stm32l152xe.o ABSOLUTE
    __Vectors                                0x08000000   Data           4  startup_stm32l152xe.o(RESET)
    __Vectors_End                            0x08000124   Data           0  startup_stm32l152xe.o(RESET)
    __main                                   0x08000125   Thumb Code     0  entry.o(.ARM.Collect$$$$00000000)
    _main_stk                                0x08000125   Thumb Code     0  entry2.o(.ARM.Collect$$$$00000001)
    _main_scatterload                        0x08000129   Thumb Code     0  entry5.o(.ARM.Collect$$$$00000004)
    __main_after_scatterload                 0x0800012d   Thumb Code     0  entry5.o(.ARM.Collect$$$$00000004)
    _main_clock                              0x0800012d   Thumb Code     0  entry7b.o(.ARM.Collect$$$$00000008)
    _main_cpp_init                           0x0800012d   Thumb Code     0  entry8b.o(.ARM.Collect$$$$0000000A)
    _main_init                               0x0800012d   Thumb Code     0  entry9a.o(.ARM.Collect$$$$0000000B)
    __rt_final_cpp                           0x08000135   Thumb Code     0  entry10a.o(.ARM.Collect$$$$0000000D)
    __rt_final_exit                          0x08000135   Thumb Code     0  entry11a.o(.ARM.Collect$$$$0000000F)
    Reset_Handler                            0x08000139   Thumb Code     8  startup_stm32l152xe.o(.text)
    ADC1_IRQHandler                          0x08000153   Thumb Code     0  startup_stm32l152xe.o(.text)
    COMP_ACQ_IRQHandler                      0x08000153   Thumb Code     0  startup_stm32l152xe.o(.text)
    COMP_IRQHandler                          0x08000153   Thumb Code     0  startup_stm32l152xe.o(.text)
    DAC_IRQHandler                           0x08000153   Thumb Code     0  startup_stm32l152xe.o(.text)
    DMA1_Channel1_IRQHandler                 0x08000153   Thumb Code     0  startup_stm32l152xe.o(.text)
    DMA1_Channel2_IRQHandler                 0x08000153   Thumb Code     0  startup_stm32l152xe.o(.text)
    DMA1_Channel3_IRQHandler                 0x08000153   Thumb Code     0  startup_stm32l152xe.o(.text)
    DMA1_Channel4_IRQHandler                 0x08000153   Thumb Code     0  startup_stm32l152xe.o(.text)
    DMA1_Channel5_IRQHandler                 0x08000153   Thumb Code     0  startup_stm32l152xe.o(.text)
    DMA1_Channel6_IRQHandler                 0x08000153   Thumb Code     0  startup_stm32l152xe.o(.text)
    DMA1_Channel7_IRQHandler                 0x08000153   Thumb Code     0  startup_stm32l152xe.o(.text)
    DMA2_Channel1_IRQHandler                 0x08000153   Thumb Code     0  startup_stm32l152xe.o(.text)
    DMA2_Channel2_IRQHandler                 0x08000153   Thumb Code     0  startup_stm32l152xe.o(.text)
    DMA2_Channel3_IRQHandler                 0x08000153   Thumb Code     0  startup_stm32l152xe.o(.text)
    DMA2_Channel4_IRQHandler                 0x08000153   Thumb Code     0  startup_stm32l152xe.o(.text)
    DMA2_Channel5_IRQHandler                 0x08000153   Thumb Code     0  startup_stm32l152xe.o(.text)
    EXTI0_IRQHandler                         0x08000153   Thumb Code     0  startup_stm32l152xe.o(.text)
    EXTI15_10_IRQHandler                     0x08000153   Thumb Code     0  startup_stm32l152xe.o(.text)
    EXTI1_IRQHandler                         0x08000153   Thumb Code     0  startup_stm32l152xe.o(.text)
    EXTI2_IRQHandler                         0x08000153   Thumb Code     0  startup_stm32l152xe.o(.text)
    EXTI3_IRQHandler                         0x08000153   Thumb Code     0  startup_stm32l152xe.o(.text)
    EXTI4_IRQHandler                         0x08000153   Thumb Code     0  startup_stm32l152xe.o(.text)
    EXTI9_5_IRQHandler                       0x08000153   Thumb Code     0  startup_stm32l152xe.o(.text)
    FLASH_IRQHandler                         0x08000153   Thumb Code     0  startup_stm32l152xe.o(.text)
    I2C1_ER_IRQHandler                       0x08000153   Thumb Code     0  startup_stm32l152xe.o(.text)
    I2C1_EV_IRQHandler                       0x08000153   Thumb Code     0  startup_stm32l152xe.o(.text)
    I2C2_ER_IRQHandler                       0x08000153   Thumb Code     0  startup_stm32l152xe.o(.text)
    I2C2_EV_IRQHandler                       0x08000153   Thumb Code     0  startup_stm32l152xe.o(.text)
    LCD_IRQHandler                           0x08000153   Thumb Code     0  startup_stm32l152xe.o(.text)
    PVD_IRQHandler                           0x08000153   Thumb Code     0  startup_stm32l152xe.o(.text)
    RCC_IRQHandler                           0x08000153   Thumb Code     0  startup_stm32l152xe.o(.text)
    RTC_Alarm_IRQHandler                     0x08000153   Thumb Code     0  startup_stm32l152xe.o(.text)
    RTC_WKUP_IRQHandler                      0x08000153   Thumb Code     0  startup_stm32l152xe.o(.text)
    SPI1_IRQHandler                          0x08000153   Thumb Code     0  startup_stm32l152xe.o(.text)
    SPI2_IRQHandler                          0x08000153   Thumb Code     0  startup_stm32l152xe.o(.text)
    SPI3_IRQHandler                          0x08000153   Thumb Code     0  startup_stm32l152xe.o(.text)
    TAMPER_STAMP_IRQHandler                  0x08000153   Thumb Code     0  startup_stm32l152xe.o(.text)
    TIM10_IRQHandler                         0x08000153   Thumb Code     0  startup_stm32l152xe.o(.text)
    TIM11_IRQHandler                         0x08000153   Thumb Code     0  startup_stm32l152xe.o(.text)
    TIM2_IRQHandler                          0x08000153   Thumb Code     0  startup_stm32l152xe.o(.text)
    TIM3_IRQHandler                          0x08000153   Thumb Code     0  startup_stm32l152xe.o(.text)
    TIM4_IRQHandler                          0x08000153   Thumb Code     0  startup_stm32l152xe.o(.text)
    TIM5_IRQHandler                          0x08000153   Thumb Code     0  startup_stm32l152xe.o(.text)
    TIM6_IRQHandler                          0x08000153   Thumb Code     0  startup_stm32l152xe.o(.text)
    TIM7_IRQHandler                          0x08000153   Thumb Code     0  startup_stm32l152xe.o(.text)
    TIM9_IRQHandler                          0x08000153   Thumb Code     0  startup_stm32l152xe.o(.text)
    UART4_IRQHandler                         0x08000153   Thumb Code     0  startup_stm32l152xe.o(.text)
    UART5_IRQHandler                         0x08000153   Thumb Code     0  startup_stm32l152xe.o(.text)
    USART1_IRQHandler                        0x08000153   Thumb Code     0  startup_stm32l152xe.o(.text)
    USART3_IRQHandler                        0x08000153   Thumb Code     0  startup_stm32l152xe.o(.text)
    USB_FS_WKUP_IRQHandler                   0x08000153   Thumb Code     0  startup_stm32l152xe.o(.text)
    USB_HP_IRQHandler                        0x08000153   Thumb Code     0  startup_stm32l152xe.o(.text)
    USB_LP_IRQHandler                        0x08000153   Thumb Code     0  startup_stm32l152xe.o(.text)
    WWDG_IRQHandler                          0x08000153   Thumb Code     0  startup_stm32l152xe.o(.text)
    __aeabi_memset                           0x0800015d   Thumb Code    14  memseta.o(.text)
    __aeabi_memset4                          0x0800015d   Thumb Code     0  memseta.o(.text)
    __aeabi_memset8                          0x0800015d   Thumb Code     0  memseta.o(.text)
    __aeabi_memclr                           0x0800016b   Thumb Code     4  memseta.o(.text)
    __aeabi_memclr4                          0x0800016b   Thumb Code     0  memseta.o(.text)
    __aeabi_memclr8                          0x0800016b   Thumb Code     0  memseta.o(.text)
    _memset$wrapper                          0x0800016f   Thumb Code    18  memseta.o(.text)
    __aeabi_dadd                             0x08000181   Thumb Code   322  dadd.o(.text)
    __aeabi_dsub                             0x080002c3   Thumb Code     6  dadd.o(.text)
    __aeabi_drsub                            0x080002c9   Thumb Code     6  dadd.o(.text)
    __aeabi_dmul                             0x080002cf   Thumb Code   228  dmul.o(.text)
    __aeabi_ddiv                             0x080003b3   Thumb Code   222  ddiv.o(.text)
    __ARM_scalbn                             0x08000491   Thumb Code    46  dscalb.o(.text)
    scalbn                                   0x08000491   Thumb Code     0  dscalb.o(.text)
    __aeabi_i2d                              0x080004bf   Thumb Code    34  dflti.o(.text)
    __aeabi_d2iz                             0x080004e1   Thumb Code    62  dfixi.o(.text)
    __aeabi_uidiv                            0x0800051f   Thumb Code     0  uidiv.o(.text)
    __aeabi_uidivmod                         0x0800051f   Thumb Code    44  uidiv.o(.text)
    __aeabi_uldivmod                         0x0800054b   Thumb Code    98  uldiv.o(.text)
    __aeabi_llsl                             0x080005ad   Thumb Code    30  llshl.o(.text)
    _ll_shift_l                              0x080005ad   Thumb Code     0  llshl.o(.text)
    __aeabi_llsr                             0x080005cb   Thumb Code    32  llushr.o(.text)
    _ll_ushift_r                             0x080005cb   Thumb Code     0  llushr.o(.text)
    __aeabi_lasr                             0x080005eb   Thumb Code    36  llsshr.o(.text)
    _ll_sshift_r                             0x080005eb   Thumb Code     0  llsshr.o(.text)
    __I$use$fp                               0x0800060f   Thumb Code     0  iusefp.o(.text)
    _double_round                            0x0800060f   Thumb Code    30  depilogue.o(.text)
    _double_epilogue                         0x0800062d   Thumb Code   156  depilogue.o(.text)
    __aeabi_d2ulz                            0x080006c9   Thumb Code    48  dfixul.o(.text)
    __aeabi_cdcmpeq                          0x080006f9   Thumb Code     0  cdcmple.o(.text)
    __aeabi_cdcmple                          0x080006f9   Thumb Code    48  cdcmple.o(.text)
    __aeabi_cdrcmple                         0x08000729   Thumb Code    48  cdrcmple.o(.text)
    __scatterload                            0x08000759   Thumb Code    28  init.o(.text)
    __scatterload_rt2                        0x08000759   Thumb Code     0  init.o(.text)
    _dsqrt                                   0x0800077d   Thumb Code   162  dsqrt.o(.text)
    __aeabi_ui2d                             0x0800081f   Thumb Code    26  dfltui.o(.text)
    get_R0                                   0x08000839   Thumb Code     0  r0.o(asm_func)
    get_R3                                   0x08000841   Thumb Code     0  r3.o(asm_func)
    get_R4                                   0x08000845   Thumb Code     0  r4.o(asm_func)
    get_R5                                   0x08000849   Thumb Code     0  r5.o(asm_func)
    get_R6                                   0x0800084d   Thumb Code     0  r6.o(asm_func)
    get_R8                                   0x08000851   Thumb Code     0  r8.o(asm_func)
    get_R9                                   0x08000855   Thumb Code     0  r9.o(asm_func)
    get_R10                                  0x08000859   Thumb Code     0  r10.o(asm_func)
    get_R11                                  0x0800085d   Thumb Code     0  r11.o(asm_func)
    get_R12                                  0x08000861   Thumb Code     0  r12.o(asm_func)
    get_R7                                   0x08000865   Thumb Code     0  r7.o(asm_func)
    get_R1                                   0x08000869   Thumb Code     0  r1.o(asm_func)
    get_R2                                   0x0800086d   Thumb Code     0  r2.o(asm_func)
    general_purpose                          0x08000871   Thumb Code     0  r0_r12.o(asm_func)
    asm_setregisters                         0x080008e5   Thumb Code     0  loadfromflash.o(asm_func)
    BSP_LED_Init                             0x0800090d   Thumb Code    76  stm32l1xx_nucleo.o(i.BSP_LED_Init)
    BSP_LED_Off                              0x08000965   Thumb Code    18  stm32l1xx_nucleo.o(i.BSP_LED_Off)
    BSP_LED_On                               0x08000981   Thumb Code    18  stm32l1xx_nucleo.o(i.BSP_LED_On)
    BSP_LED_Toggle                           0x0800099d   Thumb Code    16  stm32l1xx_nucleo.o(i.BSP_LED_Toggle)
    BusFault_Handler                         0x080009b5   Thumb Code     2  stm32l1xx_it.o(i.BusFault_Handler)
    DebugMon_Handler                         0x080009b7   Thumb Code     2  stm32l1xx_it.o(i.DebugMon_Handler)
    FFT                                      0x080009c1   Thumb Code   908  main.o(i.FFT)
    FLASH_PageErase                          0x08000dad   Thumb Code    32  stm32l1xx_hal_flash_ex.o(i.FLASH_PageErase)
    FLASH_WaitForLastOperation               0x08000e2d   Thumb Code    86  stm32l1xx_hal_flash.o(i.FLASH_WaitForLastOperation)
    HAL_Delay                                0x08000e89   Thumb Code    22  stm32l1xx_hal.o(i.HAL_Delay)
    HAL_FLASHEx_Erase                        0x08000ea1   Thumb Code   120  stm32l1xx_hal_flash_ex.o(i.HAL_FLASHEx_Erase)
    HAL_FLASHEx_OBGetConfig                  0x08000f21   Thumb Code    62  stm32l1xx_hal_flash_ex.o(i.HAL_FLASHEx_OBGetConfig)
    HAL_FLASH_Lock                           0x08000f65   Thumb Code    14  stm32l1xx_hal_flash.o(i.HAL_FLASH_Lock)
    HAL_FLASH_OB_Lock                        0x08000f79   Thumb Code    14  stm32l1xx_hal_flash.o(i.HAL_FLASH_OB_Lock)
    HAL_FLASH_OB_Unlock                      0x08000f8d   Thumb Code    46  stm32l1xx_hal_flash.o(i.HAL_FLASH_OB_Unlock)
    HAL_FLASH_Program                        0x08000fd1   Thumb Code    56  stm32l1xx_hal_flash.o(i.HAL_FLASH_Program)
    HAL_FLASH_Unlock                         0x0800100d   Thumb Code    46  stm32l1xx_hal_flash.o(i.HAL_FLASH_Unlock)
    HAL_GPIO_Init                            0x08001051   Thumb Code   392  stm32l1xx_hal_gpio.o(i.HAL_GPIO_Init)
    HAL_GPIO_TogglePin                       0x08001201   Thumb Code     8  stm32l1xx_hal_gpio.o(i.HAL_GPIO_TogglePin)
    HAL_GPIO_WritePin                        0x08001209   Thumb Code    10  stm32l1xx_hal_gpio.o(i.HAL_GPIO_WritePin)
    HAL_GetTick                              0x08001215   Thumb Code     6  stm32l1xx_hal.o(i.HAL_GetTick)
    HAL_IncTick                              0x08001221   Thumb Code    10  stm32l1xx_hal.o(i.HAL_IncTick)
    HAL_Init                                 0x08001231   Thumb Code    40  stm32l1xx_hal.o(i.HAL_Init)
    HAL_InitTick                             0x0800125d   Thumb Code    34  stm32l1xx_hal.o(i.HAL_InitTick)
    HAL_MspInit                              0x08001285   Thumb Code     2  stm32l1xx_hal.o(i.HAL_MspInit)
    HAL_NVIC_EnableIRQ                       0x08001287   Thumb Code    26  stm32l1xx_hal_cortex.o(i.HAL_NVIC_EnableIRQ)
    HAL_NVIC_SetPriority                     0x080012a1   Thumb Code    60  stm32l1xx_hal_cortex.o(i.HAL_NVIC_SetPriority)
    HAL_NVIC_SetPriorityGrouping             0x080012e1   Thumb Code    26  stm32l1xx_hal_cortex.o(i.HAL_NVIC_SetPriorityGrouping)
    HAL_PWREx_GetVoltageRange                0x08001305   Thumb Code    10  stm32l1xx_hal_pwr_ex.o(i.HAL_PWREx_GetVoltageRange)
    HAL_RCC_ClockConfig                      0x08001315   Thumb Code   450  stm32l1xx_hal_rcc.o(i.HAL_RCC_ClockConfig)
    HAL_RCC_GetPCLK1Freq                     0x080014e9   Thumb Code    34  stm32l1xx_hal_rcc.o(i.HAL_RCC_GetPCLK1Freq)
    HAL_RCC_GetPCLK2Freq                     0x08001519   Thumb Code    34  stm32l1xx_hal_rcc.o(i.HAL_RCC_GetPCLK2Freq)
    HAL_RCC_GetSysClockFreq                  0x08001549   Thumb Code   122  stm32l1xx_hal_rcc.o(i.HAL_RCC_GetSysClockFreq)
    HAL_RCC_OscConfig                        0x080015d5   Thumb Code  1860  stm32l1xx_hal_rcc.o(i.HAL_RCC_OscConfig)
    HAL_SYSTICK_Config                       0x08001d25   Thumb Code    40  stm32l1xx_hal_cortex.o(i.HAL_SYSTICK_Config)
    HAL_UART_Init                            0x08001d4d   Thumb Code    94  stm32l1xx_hal_uart.o(i.HAL_UART_Init)
    HAL_UART_MspInit                         0x08001dad   Thumb Code   122  stm32l1xx_hal_msp.o(i.HAL_UART_MspInit)
    HAL_UART_Transmit                        0x08001e31   Thumb Code   204  stm32l1xx_hal_uart.o(i.HAL_UART_Transmit)
    HardFault_Handler                        0x08001efd   Thumb Code     2  stm32l1xx_it.o(i.HardFault_Handler)
    Magic_No                                 0x08001f01   Thumb Code    44  main.o(i.Magic_No)
    MemManage_Handler                        0x08001f61   Thumb Code     2  stm32l1xx_it.o(i.MemManage_Handler)
    NMI_Handler                              0x08001f63   Thumb Code     2  stm32l1xx_it.o(i.NMI_Handler)
    PendSV_Handler                           0x08001f85   Thumb Code     2  stm32l1xx_it.o(i.PendSV_Handler)
    SVC_Handler                              0x08002001   Thumb Code     2  stm32l1xx_it.o(i.SVC_Handler)
    SysTick_Handler                          0x08002003   Thumb Code     4  stm32l1xx_it.o(i.SysTick_Handler)
    SystemInit                               0x08002091   Thumb Code    62  system_stm32l1xx.o(i.SystemInit)
    UART_CharReception_Callback              0x080020e1   Thumb Code    42  main.o(i.UART_CharReception_Callback)
    UART_CharTransmitComplete_Callback       0x08002115   Thumb Code    28  main.o(i.UART_CharTransmitComplete_Callback)
    UART_Error_Callback                      0x08002139   Thumb Code    26  main.o(i.UART_Error_Callback)
    UART_TXEmpty_Callback                    0x080023fd   Thumb Code    46  main.o(i.UART_TXEmpty_Callback)
    USART2_IRQHandler                        0x080024cd   Thumb Code    98  stm32l1xx_it.o(i.USART2_IRQHandler)
    UsageFault_Handler                       0x08002535   Thumb Code     2  stm32l1xx_it.o(i.UsageFault_Handler)
    __0sprintf                               0x08002539   Thumb Code    34  printfa.o(i.__0sprintf)
    __1sprintf                               0x08002539   Thumb Code     0  printfa.o(i.__0sprintf)
    __2sprintf                               0x08002539   Thumb Code     0  printfa.o(i.__0sprintf)
    __c89sprintf                             0x08002539   Thumb Code     0  printfa.o(i.__0sprintf)
    sprintf                                  0x08002539   Thumb Code     0  printfa.o(i.__0sprintf)
    __ARM_fpclassify                         0x08002561   Thumb Code    40  fpclassify.o(i.__ARM_fpclassify)
    __ieee754_rem_pio2                       0x08002589   Thumb Code   828  rred.o(i.__ieee754_rem_pio2)
    __kernel_cos                             0x08002911   Thumb Code   230  cos_i.o(i.__kernel_cos)
    __kernel_poly                            0x08002a0d   Thumb Code   170  poly.o(i.__kernel_poly)
    __kernel_sin                             0x08002ab9   Thumb Code   224  sin_i.o(i.__kernel_sin)
    __mathlib_dbl_divzero                    0x08002ba5   Thumb Code    12  dunder.o(i.__mathlib_dbl_divzero)
    __mathlib_dbl_infnan                     0x08002bb5   Thumb Code     6  dunder.o(i.__mathlib_dbl_infnan)
    __mathlib_dbl_infnan2                    0x08002bbb   Thumb Code     4  dunder.o(i.__mathlib_dbl_infnan2)
    __mathlib_dbl_invalid                    0x08002bbf   Thumb Code    12  dunder.o(i.__mathlib_dbl_invalid)
    __mathlib_dbl_overflow                   0x08002bcb   Thumb Code    14  dunder.o(i.__mathlib_dbl_overflow)
    __mathlib_dbl_underflow                  0x08002bd9   Thumb Code    10  dunder.o(i.__mathlib_dbl_underflow)
    __scatterload_copy                       0x08002be9   Thumb Code    14  handlers.o(i.__scatterload_copy)
    __scatterload_null                       0x08002bf7   Thumb Code     2  handlers.o(i.__scatterload_null)
    __scatterload_zeroinit                   0x08002bf9   Thumb Code    14  handlers.o(i.__scatterload_zeroinit)
    __set_errno                              0x08002c09   Thumb Code     6  errno.o(i.__set_errno)
    ceil                                     0x080034d1   Thumb Code   204  ceil.o(i.ceil)
    erase_pages                              0x080035ad   Thumb Code    58  main.o(i.erase_pages)
    four1                                    0x080035f1   Thumb Code   604  main.o(i.four1)
    log                                      0x0800385d   Thumb Code   808  log.o(i.log)
    main                                     0x08003bb9   Thumb Code   142  main.o(i.main)
    malloc                                   0x08003cb5   Thumb Code    92  malloc.o(i.malloc)
    mem_map                                  0x08003d21   Thumb Code    62  main.o(i.mem_map)
    mem_mapd                                 0x08003d65   Thumb Code    62  main.o(i.mem_mapd)
    pow                                      0x08003da9   Thumb Code  2512  pow.o(i.pow)
    print                                    0x08004781   Thumb Code    64  main.o(i.print)
    revive                                   0x080047c9   Thumb Code    80  main.o(i.revive)
    setReg                                   0x08004829   Thumb Code    58  main.o(i.setReg)
    sin                                      0x08004869   Thumb Code   150  sin.o(i.sin)
    sqrt                                     0x08004909   Thumb Code    76  sqrt.o(i.sqrt)
    uart_initialize                          0x08004955   Thumb Code    76  main.o(i.uart_initialize)
    writeinflash                             0x080049ad   Thumb Code   472  main.o(i.writeinflash)
    BUTTON_IRQn                              0x08004ba0   Data           1  stm32l1xx_nucleo.o(.constdata)
    LED_PIN                                  0x08004ba2   Data           2  stm32l1xx_nucleo.o(.constdata)
    BUTTON_PIN                               0x08004ba4   Data           2  stm32l1xx_nucleo.o(.constdata)
    PLLMulTable                              0x08004ba6   Data           9  system_stm32l1xx.o(.constdata)
    AHBPrescTable                            0x08004baf   Data          16  system_stm32l1xx.o(.constdata)
    APBPrescTable                            0x08004bbf   Data           8  system_stm32l1xx.o(.constdata)
    __mathlib_zero                           0x08004cb8   Data           8  qnan.o(.constdata)
    Region$$Table$$Base                      0x08004db0   Number         0  anon$$obj.o(Region$$Table)
    Region$$Table$$Limit                     0x08004dd0   Number         0  anon$$obj.o(Region$$Table)
    uwTick                                   0x20000000   Data           4  stm32l1xx_hal.o(.data)
    ubTxComplete                             0x20000004   Data           1  main.o(.data)
    sizeofmessage                            0x20000005   Data           1  main.o(.data)
    MemoryProgramStatus                      0x20000006   Data           1  main.o(.data)
    uwNbReceivedChars                        0x20000008   Data           4  main.o(.data)
    uwBufferReadyIndication                  0x2000000c   Data           4  main.o(.data)
    indexofmessage                           0x20000010   Data           4  main.o(.data)
    PageError                                0x20000014   Data           4  main.o(.data)
    Address                                  0x20000018   Data           4  main.o(.data)
    flag1                                    0x2000001c   Data           4  main.o(.data)
    st                                       0x20000020   Data           4  main.o(.data)
    bp                                       0x20000024   Data           4  main.o(.data)
    j                                        0x20000028   Data           4  main.o(.data)
    pBufferReadyForUser                      0x2000002c   Data           4  main.o(.data)
    pBufferReadyForReception                 0x20000030   Data           4  main.o(.data)
    ramaddrs                                 0x20000034   Data           4  main.o(.data)
    sp                                       0x20000038   Data           4  main.o(.data)
    spReg                                    0x2000003c   Data           4  main.o(.data)
    lrReg                                    0x20000040   Data           4  main.o(.data)
    pcReg                                    0x20000044   Data           4  main.o(.data)
    aTxEndMessage                            0x20000048   Data          22  main.o(.data)
    LED_PORT                                 0x20000060   Data           4  stm32l1xx_nucleo.o(.data)
    BUTTON_PORT                              0x20000064   Data           4  stm32l1xx_nucleo.o(.data)
    SystemCoreClock                          0x20000068   Data           4  system_stm32l1xx.o(.data)
    __microlib_freelist                      0x2000006c   Data           4  mvars.o(.data)
    __microlib_freelist_initialised          0x20000070   Data           4  mvars.o(.data)
    pFlash                                   0x20000078   Data          24  stm32l1xx_hal_flash.o(.bss)
    UartHandle                               0x20000090   Data          64  main.o(.bss)
    aRXBufferA                               0x200000d0   Data          15  main.o(.bss)
    aRXBufferB                               0x200000df   Data          15  main.o(.bss)
    aRxBuffer                                0x200000ee   Data          10  main.o(.bss)
    string                                   0x20000120   Data          40  main.o(.bss)
    Registers                                0x20000148   Data          88  main.o(.bss)
    A                                        0x200001a0   Data       10240  main.o(.bss)
    __heap_base                              0x200029a0   Data           0  startup_stm32l152xe.o(HEAP)
    __heap_limit                             0x20002ba0   Data           0  startup_stm32l152xe.o(HEAP)
    __initial_sp                             0x20002fa0   Data           0  startup_stm32l152xe.o(STACK)



==============================================================================

Memory Map of the image

  Image Entry point : 0x08000125

  Load Region LR_IROM1 (Base: 0x08000000, Size: 0x00004e48, Max: 0x00080000, ABSOLUTE)

    Execution Region ER_IROM1 (Base: 0x08000000, Size: 0x00004dd0, Max: 0x00080000, ABSOLUTE)

    Base Addr    Size         Type   Attr      Idx    E Section Name        Object

    0x08000000   0x00000124   Data   RO         1768    RESET               startup_stm32l152xe.o
    0x08000124   0x00000000   Code   RO         1843  * .ARM.Collect$$$$00000000  mc_w.l(entry.o)
    0x08000124   0x00000004   Code   RO         2190    .ARM.Collect$$$$00000001  mc_w.l(entry2.o)
    0x08000128   0x00000004   Code   RO         2193    .ARM.Collect$$$$00000004  mc_w.l(entry5.o)
    0x0800012c   0x00000000   Code   RO         2195    .ARM.Collect$$$$00000008  mc_w.l(entry7b.o)
    0x0800012c   0x00000000   Code   RO         2197    .ARM.Collect$$$$0000000A  mc_w.l(entry8b.o)
    0x0800012c   0x00000008   Code   RO         2198    .ARM.Collect$$$$0000000B  mc_w.l(entry9a.o)
    0x08000134   0x00000000   Code   RO         2200    .ARM.Collect$$$$0000000D  mc_w.l(entry10a.o)
    0x08000134   0x00000000   Code   RO         2202    .ARM.Collect$$$$0000000F  mc_w.l(entry11a.o)
    0x08000134   0x00000004   Code   RO         2191    .ARM.Collect$$$$00002712  mc_w.l(entry2.o)
    0x08000138   0x00000024   Code   RO         1769    .text               startup_stm32l152xe.o
    0x0800015c   0x00000024   Code   RO         1846    .text               mc_w.l(memseta.o)
    0x08000180   0x0000014e   Code   RO         2137    .text               mf_w.l(dadd.o)
    0x080002ce   0x000000e4   Code   RO         2139    .text               mf_w.l(dmul.o)
    0x080003b2   0x000000de   Code   RO         2141    .text               mf_w.l(ddiv.o)
    0x08000490   0x0000002e   Code   RO         2143    .text               mf_w.l(dscalb.o)
    0x080004be   0x00000022   Code   RO         2145    .text               mf_w.l(dflti.o)
    0x080004e0   0x0000003e   Code   RO         2147    .text               mf_w.l(dfixi.o)
    0x0800051e   0x0000002c   Code   RO         2207    .text               mc_w.l(uidiv.o)
    0x0800054a   0x00000062   Code   RO         2209    .text               mc_w.l(uldiv.o)
    0x080005ac   0x0000001e   Code   RO         2211    .text               mc_w.l(llshl.o)
    0x080005ca   0x00000020   Code   RO         2213    .text               mc_w.l(llushr.o)
    0x080005ea   0x00000024   Code   RO         2215    .text               mc_w.l(llsshr.o)
    0x0800060e   0x00000000   Code   RO         2230    .text               mc_w.l(iusefp.o)
    0x0800060e   0x000000ba   Code   RO         2231    .text               mf_w.l(depilogue.o)
    0x080006c8   0x00000030   Code   RO         2233    .text               mf_w.l(dfixul.o)
    0x080006f8   0x00000030   Code   RO         2235    .text               mf_w.l(cdcmple.o)
    0x08000728   0x00000030   Code   RO         2237    .text               mf_w.l(cdrcmple.o)
    0x08000758   0x00000024   Code   RO         2239    .text               mc_w.l(init.o)
    0x0800077c   0x000000a2   Code   RO         2243    .text               mf_w.l(dsqrt.o)
    0x0800081e   0x0000001a   Code   RO         2245    .text               mf_w.l(dfltui.o)
    0x08000838   0x00000006   Code   RO         1600    asm_func            r0.o
    0x0800083e   0x00000002   PAD
    0x08000840   0x00000004   Code   RO         1603    asm_func            r3.o
    0x08000844   0x00000004   Code   RO         1606    asm_func            r4.o
    0x08000848   0x00000004   Code   RO         1609    asm_func            r5.o
    0x0800084c   0x00000004   Code   RO         1612    asm_func            r6.o
    0x08000850   0x00000004   Code   RO         1615    asm_func            r8.o
    0x08000854   0x00000004   Code   RO         1618    asm_func            r9.o
    0x08000858   0x00000004   Code   RO         1621    asm_func            r10.o
    0x0800085c   0x00000004   Code   RO         1624    asm_func            r11.o
    0x08000860   0x00000004   Code   RO         1627    asm_func            r12.o
    0x08000864   0x00000004   Code   RO         1639    asm_func            r7.o
    0x08000868   0x00000004   Code   RO         1675    asm_func            r1.o
    0x0800086c   0x00000004   Code   RO         1678    asm_func            r2.o
    0x08000870   0x00000074   Code   RO         1684    asm_func            r0_r12.o
    0x080008e4   0x00000028   Code   RO         1687    asm_func            loadfromflash.o
    0x0800090c   0x00000058   Code   RO         1695    i.BSP_LED_Init      stm32l1xx_nucleo.o
    0x08000964   0x0000001c   Code   RO         1696    i.BSP_LED_Off       stm32l1xx_nucleo.o
    0x08000980   0x0000001c   Code   RO         1697    i.BSP_LED_On        stm32l1xx_nucleo.o
    0x0800099c   0x00000018   Code   RO         1698    i.BSP_LED_Toggle    stm32l1xx_nucleo.o
    0x080009b4   0x00000002   Code   RO         1513    i.BusFault_Handler  stm32l1xx_it.o
    0x080009b6   0x00000002   Code   RO         1514    i.DebugMon_Handler  stm32l1xx_it.o
    0x080009b8   0x00000008   Code   RO         1290    i.Error_Handler     main.o
    0x080009c0   0x000003ec   Code   RO         1291    i.FFT               main.o
    0x08000dac   0x00000028   Code   RO         1190    i.FLASH_PageErase   stm32l1xx_hal_flash_ex.o
    0x08000dd4   0x00000058   Code   RO         1091    i.FLASH_SetErrorCode  stm32l1xx_hal_flash.o
    0x08000e2c   0x0000005c   Code   RO         1092    i.FLASH_WaitForLastOperation  stm32l1xx_hal_flash.o
    0x08000e88   0x00000016   Code   RO          802    i.HAL_Delay         stm32l1xx_hal.o
    0x08000e9e   0x00000002   PAD
    0x08000ea0   0x00000080   Code   RO         1199    i.HAL_FLASHEx_Erase  stm32l1xx_hal_flash_ex.o
    0x08000f20   0x00000044   Code   RO         1201    i.HAL_FLASHEx_OBGetConfig  stm32l1xx_hal_flash_ex.o
    0x08000f64   0x00000014   Code   RO         1096    i.HAL_FLASH_Lock    stm32l1xx_hal_flash.o
    0x08000f78   0x00000014   Code   RO         1098    i.HAL_FLASH_OB_Lock  stm32l1xx_hal_flash.o
    0x08000f8c   0x00000044   Code   RO         1099    i.HAL_FLASH_OB_Unlock  stm32l1xx_hal_flash.o
    0x08000fd0   0x0000003c   Code   RO         1101    i.HAL_FLASH_Program  stm32l1xx_hal_flash.o
    0x0800100c   0x00000044   Code   RO         1103    i.HAL_FLASH_Unlock  stm32l1xx_hal_flash.o
    0x08001050   0x000001b0   Code   RO          732    i.HAL_GPIO_Init     stm32l1xx_hal_gpio.o
    0x08001200   0x00000008   Code   RO          735    i.HAL_GPIO_TogglePin  stm32l1xx_hal_gpio.o
    0x08001208   0x0000000a   Code   RO          736    i.HAL_GPIO_WritePin  stm32l1xx_hal_gpio.o
    0x08001212   0x00000002   PAD
    0x08001214   0x0000000c   Code   RO          806    i.HAL_GetTick       stm32l1xx_hal.o
    0x08001220   0x00000010   Code   RO          807    i.HAL_IncTick       stm32l1xx_hal.o
    0x08001230   0x0000002c   Code   RO          808    i.HAL_Init          stm32l1xx_hal.o
    0x0800125c   0x00000028   Code   RO          809    i.HAL_InitTick      stm32l1xx_hal.o
    0x08001284   0x00000002   Code   RO          811    i.HAL_MspInit       stm32l1xx_hal.o
    0x08001286   0x0000001a   Code   RO          609    i.HAL_NVIC_EnableIRQ  stm32l1xx_hal_cortex.o
    0x080012a0   0x00000040   Code   RO          615    i.HAL_NVIC_SetPriority  stm32l1xx_hal_cortex.o
    0x080012e0   0x00000024   Code   RO          616    i.HAL_NVIC_SetPriorityGrouping  stm32l1xx_hal_cortex.o
    0x08001304   0x00000010   Code   RO           10    i.HAL_PWREx_GetVoltageRange  stm32l1xx_hal_pwr_ex.o
    0x08001314   0x000001d4   Code   RO          143    i.HAL_RCC_ClockConfig  stm32l1xx_hal_rcc.o
    0x080014e8   0x00000030   Code   RO          150    i.HAL_RCC_GetPCLK1Freq  stm32l1xx_hal_rcc.o
    0x08001518   0x00000030   Code   RO          151    i.HAL_RCC_GetPCLK2Freq  stm32l1xx_hal_rcc.o
    0x08001548   0x0000008c   Code   RO          152    i.HAL_RCC_GetSysClockFreq  stm32l1xx_hal_rcc.o
    0x080015d4   0x00000750   Code   RO          155    i.HAL_RCC_OscConfig  stm32l1xx_hal_rcc.o
    0x08001d24   0x00000028   Code   RO          620    i.HAL_SYSTICK_Config  stm32l1xx_hal_cortex.o
    0x08001d4c   0x0000005e   Code   RO          385    i.HAL_UART_Init     stm32l1xx_hal_uart.o
    0x08001daa   0x00000002   PAD
    0x08001dac   0x00000084   Code   RO         1481    i.HAL_UART_MspInit  stm32l1xx_hal_msp.o
    0x08001e30   0x000000cc   Code   RO          393    i.HAL_UART_Transmit  stm32l1xx_hal_uart.o
    0x08001efc   0x00000002   Code   RO         1515    i.HardFault_Handler  stm32l1xx_it.o
    0x08001efe   0x00000002   PAD
    0x08001f00   0x00000060   Code   RO         1292    i.Magic_No          main.o
    0x08001f60   0x00000002   Code   RO         1516    i.MemManage_Handler  stm32l1xx_it.o
    0x08001f62   0x00000002   Code   RO         1517    i.NMI_Handler       stm32l1xx_it.o
    0x08001f64   0x00000020   Code   RO          622    i.NVIC_SetPriority  stm32l1xx_hal_cortex.o
    0x08001f84   0x00000002   Code   RO         1518    i.PendSV_Handler    stm32l1xx_it.o
    0x08001f86   0x00000002   PAD
    0x08001f88   0x00000078   Code   RO          156    i.RCC_SetFlashLatencyFromMSIRange  stm32l1xx_hal_rcc.o
    0x08002000   0x00000002   Code   RO         1519    i.SVC_Handler       stm32l1xx_it.o
    0x08002002   0x00000004   Code   RO         1520    i.SysTick_Handler   stm32l1xx_it.o
    0x08002006   0x00000002   PAD
    0x08002008   0x00000088   Code   RO         1293    i.SystemClock_Config  main.o
    0x08002090   0x00000050   Code   RO         1777    i.SystemInit        system_stm32l1xx.o
    0x080020e0   0x00000034   Code   RO         1294    i.UART_CharReception_Callback  main.o
    0x08002114   0x00000024   Code   RO         1295    i.UART_CharTransmitComplete_Callback  main.o
    0x08002138   0x00000024   Code   RO         1296    i.UART_Error_Callback  main.o
    0x0800215c   0x000002a0   Code   RO          404    i.UART_SetConfig    stm32l1xx_hal_uart.o
    0x080023fc   0x0000003c   Code   RO         1297    i.UART_TXEmpty_Callback  main.o
    0x08002438   0x00000092   Code   RO          406    i.UART_WaitOnFlagUntilTimeout  stm32l1xx_hal_uart.o
    0x080024ca   0x00000002   PAD
    0x080024cc   0x00000068   Code   RO         1521    i.USART2_IRQHandler  stm32l1xx_it.o
    0x08002534   0x00000002   Code   RO         1522    i.UsageFault_Handler  stm32l1xx_it.o
    0x08002536   0x00000002   PAD
    0x08002538   0x00000028   Code   RO         2083    i.__0sprintf        mc_w.l(printfa.o)
    0x08002560   0x00000028   Code   RO         2166    i.__ARM_fpclassify  m_ws.l(fpclassify.o)
    0x08002588   0x00000388   Code   RO         2171    i.__ieee754_rem_pio2  m_ws.l(rred.o)
    0x08002910   0x000000fc   Code   RO         2149    i.__kernel_cos      m_ws.l(cos_i.o)
    0x08002a0c   0x000000aa   Code   RO         2168    i.__kernel_poly     m_ws.l(poly.o)
    0x08002ab6   0x00000002   PAD
    0x08002ab8   0x000000ec   Code   RO         2176    i.__kernel_sin      m_ws.l(sin_i.o)
    0x08002ba4   0x00000010   Code   RO         2152    i.__mathlib_dbl_divzero  m_ws.l(dunder.o)
    0x08002bb4   0x00000006   Code   RO         2153    i.__mathlib_dbl_infnan  m_ws.l(dunder.o)
    0x08002bba   0x00000004   Code   RO         2154    i.__mathlib_dbl_infnan2  m_ws.l(dunder.o)
    0x08002bbe   0x0000000c   Code   RO         2155    i.__mathlib_dbl_invalid  m_ws.l(dunder.o)
    0x08002bca   0x0000000e   Code   RO         2156    i.__mathlib_dbl_overflow  m_ws.l(dunder.o)
    0x08002bd8   0x00000010   Code   RO         2158    i.__mathlib_dbl_underflow  m_ws.l(dunder.o)
    0x08002be8   0x0000000e   Code   RO         2249    i.__scatterload_copy  mc_w.l(handlers.o)
    0x08002bf6   0x00000002   Code   RO         2250    i.__scatterload_null  mc_w.l(handlers.o)
    0x08002bf8   0x0000000e   Code   RO         2251    i.__scatterload_zeroinit  mc_w.l(handlers.o)
    0x08002c06   0x00000002   PAD
    0x08002c08   0x0000000c   Code   RO         2225    i.__set_errno       mc_w.l(errno.o)
    0x08002c14   0x00000184   Code   RO         2088    i._fp_digits        mc_w.l(printfa.o)
    0x08002d98   0x000006dc   Code   RO         2089    i._printf_core      mc_w.l(printfa.o)
    0x08003474   0x00000024   Code   RO         2090    i._printf_post_padding  mc_w.l(printfa.o)
    0x08003498   0x0000002e   Code   RO         2091    i._printf_pre_padding  mc_w.l(printfa.o)
    0x080034c6   0x0000000a   Code   RO         2093    i._sputc            mc_w.l(printfa.o)
    0x080034d0   0x000000dc   Code   RO         1812    i.ceil              m_ws.l(ceil.o)
    0x080035ac   0x00000044   Code   RO         1298    i.erase_pages       main.o
    0x080035f0   0x0000026c   Code   RO         1299    i.four1             main.o
    0x0800385c   0x0000035c   Code   RO         1816    i.log               m_ws.l(log.o)
    0x08003bb8   0x000000fc   Code   RO         1300    i.main              main.o
    0x08003cb4   0x0000006c   Code   RO         2110    i.malloc            mc_w.l(malloc.o)
    0x08003d20   0x00000044   Code   RO         1301    i.mem_map           main.o
    0x08003d64   0x00000044   Code   RO         1302    i.mem_mapd          main.o
    0x08003da8   0x000009d8   Code   RO         1826    i.pow               m_ws.l(pow.o)
    0x08004780   0x00000048   Code   RO         1303    i.print             main.o
    0x080047c8   0x00000060   Code   RO         1305    i.revive            main.o
    0x08004828   0x00000040   Code   RO         1306    i.setReg            main.o
    0x08004868   0x000000a0   Code   RO         1836    i.sin               m_ws.l(sin.o)
    0x08004908   0x0000004c   Code   RO         2183    i.sqrt              m_ws.l(sqrt.o)
    0x08004954   0x00000058   Code   RO         1307    i.uart_initialize   main.o
    0x080049ac   0x000001f4   Code   RO         1308    i.writeinflash      main.o
    0x08004ba0   0x00000006   Data   RO         1702    .constdata          stm32l1xx_nucleo.o
    0x08004ba6   0x00000019   Data   RO         1778    .constdata          system_stm32l1xx.o
    0x08004bbf   0x00000008   Data   RO         1779    .constdata          system_stm32l1xx.o
    0x08004bc7   0x00000001   PAD
    0x08004bc8   0x00000038   Data   RO         1817    .constdata          m_ws.l(log.o)
    0x08004c00   0x00000088   Data   RO         1827    .constdata          m_ws.l(pow.o)
    0x08004c88   0x00000030   Data   RO         2150    .constdata          m_ws.l(cos_i.o)
    0x08004cb8   0x00000008   Data   RO         2170    .constdata          m_ws.l(qnan.o)
    0x08004cc0   0x000000c8   Data   RO         2173    .constdata          m_ws.l(rred.o)
    0x08004d88   0x00000028   Data   RO         2177    .constdata          m_ws.l(sin_i.o)
    0x08004db0   0x00000020   Data   RO         2247    Region$$Table       anon$$obj.o


    Execution Region RW_IRAM1 (Base: 0x20000000, Size: 0x00002fa0, Max: 0x00014000, ABSOLUTE)

    Base Addr    Size         Type   Attr      Idx    E Section Name        Object

    0x20000000   0x00000004   Data   RW          814    .data               stm32l1xx_hal.o
    0x20000004   0x0000005a   Data   RW         1311    .data               main.o
    0x2000005e   0x00000002   PAD
    0x20000060   0x00000008   Data   RW         1703    .data               stm32l1xx_nucleo.o
    0x20000068   0x00000004   Data   RW         1780    .data               system_stm32l1xx.o
    0x2000006c   0x00000004   Data   RW         2221    .data               mc_w.l(mvars.o)
    0x20000070   0x00000004   Data   RW         2222    .data               mc_w.l(mvars.o)
    0x20000074   0x00000004   Data   RW         2226    .data               mc_w.l(errno.o)
    0x20000078   0x00000018   Zero   RW         1104    .bss                stm32l1xx_hal_flash.o
    0x20000090   0x00002910   Zero   RW         1309    .bss                main.o
    0x200029a0   0x00000200   Zero   RW         1767    HEAP                startup_stm32l152xe.o
    0x20002ba0   0x00000400   Zero   RW         1766    STACK               startup_stm32l152xe.o


==============================================================================

Image component sizes


      Code (inc. data)   RO Data    RW Data    ZI Data      Debug   Object Name

        40         16          0          0          0        312   loadfromflash.o
      3324        416          0         90      10512      62478   main.o
         6          0          0          0          0        280   r0.o
       116         52          0          0          0        312   r0_r12.o
         4          0          0          0          0        280   r1.o
         4          0          0          0          0        284   r10.o
         4          0          0          0          0        284   r11.o
         4          0          0          0          0        284   r12.o
         4          0          0          0          0        284   r2.o
         4          0          0          0          0        280   r3.o
         4          0          0          0          0        284   r4.o
         4          0          0          0          0        284   r5.o
         4          0          0          0          0        284   r6.o
         4          0          0          0          0        284   r7.o
         4          0          0          0          0        284   r8.o
         4          0          0          0          0        284   r9.o
        36          8        292          0       1536        836   startup_stm32l152xe.o
       136         22          0          4          0       4857   stm32l1xx_hal.o
       198         14          0          0          0      30271   stm32l1xx_hal_cortex.o
       416         74          0          0         24       5428   stm32l1xx_hal_flash.o
       236         22          0          0          0       4687   stm32l1xx_hal_flash_ex.o
       450         40          0          0          0       3377   stm32l1xx_hal_gpio.o
       132         10          0          0          0       1107   stm32l1xx_hal_msp.o
        16          6          0          0          0     395472   stm32l1xx_hal_pwr_ex.o
      2696        104          0          0          0       7400   stm32l1xx_hal_rcc.o
      1116          6          0          0          0       4548   stm32l1xx_hal_uart.o
       124          6          0          0          0      17398   stm32l1xx_it.o
       168         40          6          8          0       4029   stm32l1xx_nucleo.o
        80         18         33          4          0       1411   system_stm32l1xx.o

    ----------------------------------------------------------------------
      9356        854        364        108      12072     547603   Object Totals
         0          0         32          0          0          0   (incl. Generated)
        18          0          1          2          0          0   (incl. Padding)

    ----------------------------------------------------------------------

      Code (inc. data)   RO Data    RW Data    ZI Data      Debug   Library Member Name

       220         16          0          0          0         84   ceil.o
       252         22         48          0          0        124   cos_i.o
        68         10          0          0          0        408   dunder.o
        40          0          0          0          0         68   fpclassify.o
       860         52         56          0          0        256   log.o
       170          0          0          0          0         96   poly.o
      2520        190        136          0          0        324   pow.o
         0          0          8          0          0          0   qnan.o
       904         76        200          0          0        140   rred.o
       160         10          0          0          0        108   sin.o
       236         12         40          0          0        128   sin_i.o
        76          0          0          0          0         84   sqrt.o
         0          0          0          0          0          0   entry.o
         0          0          0          0          0          0   entry10a.o
         0          0          0          0          0          0   entry11a.o
         8          4          0          0          0          0   entry2.o
         4          0          0          0          0          0   entry5.o
         0          0          0          0          0          0   entry7b.o
         0          0          0          0          0          0   entry8b.o
         8          4          0          0          0          0   entry9a.o
        12          6          0          4          0         68   errno.o
        30          0          0          0          0          0   handlers.o
        36          8          0          0          0         68   init.o
         0          0          0          0          0          0   iusefp.o
        30          0          0          0          0         68   llshl.o
        36          0          0          0          0         68   llsshr.o
        32          0          0          0          0         68   llushr.o
       108         16          0          0          0         84   malloc.o
        36          0          0          0          0        108   memseta.o
         0          0          0          8          0          0   mvars.o
      2276         86          0          0          0        520   printfa.o
        44          0          0          0          0         80   uidiv.o
        98          0          0          0          0         92   uldiv.o
        48          0          0          0          0         68   cdcmple.o
        48          0          0          0          0         68   cdrcmple.o
       334          0          0          0          0        148   dadd.o
       222          0          0          0          0        100   ddiv.o
       186          0          0          0          0        176   depilogue.o
        62          0          0          0          0         80   dfixi.o
        48          0          0          0          0         68   dfixul.o
        34          0          0          0          0         76   dflti.o
        26          0          0          0          0         76   dfltui.o
       228          0          0          0          0         96   dmul.o
        46          0          0          0          0         80   dscalb.o
       162          0          0          0          0        100   dsqrt.o

    ----------------------------------------------------------------------
      9712        512        488         12          0       4180   Library Totals
         4          0          0          0          0          0   (incl. Padding)

    ----------------------------------------------------------------------

      Code (inc. data)   RO Data    RW Data    ZI Data      Debug   Library Name

      5506        388        488          0          0       1820   m_ws.l
      2758        124          0         12          0       1224   mc_w.l
      1444          0          0          0          0       1136   mf_w.l

    ----------------------------------------------------------------------
      9712        512        488         12          0       4180   Library Totals

    ----------------------------------------------------------------------

==============================================================================


      Code (inc. data)   RO Data    RW Data    ZI Data      Debug   

     19068       1366        852        120      12072     546423   Grand Totals
     19068       1366        852        120      12072     546423   ELF Image Totals
     19068       1366        852        120          0          0   ROM Totals

==============================================================================

    Total RO  Size (Code + RO Data)                19920 (  19.45kB)
    Total RW  Size (RW Data + ZI Data)             12192 (  11.91kB)
    Total ROM Size (Code + RO Data + RW Data)      20040 (  19.57kB)

==============================================================================

